Archive member included to satisfy reference by file (symbol)

/usr/lib/gcc/arm-none-eabi/9.2.1/../../../arm-none-eabi/lib/thumb/v6-m/nofp/libc_nano.a(lib_a-atexit.o)
                              /usr/lib/gcc/arm-none-eabi/9.2.1/../../../arm-none-eabi/lib/thumb/v6-m/nofp/crt0.o (atexit)
/usr/lib/gcc/arm-none-eabi/9.2.1/../../../arm-none-eabi/lib/thumb/v6-m/nofp/libc_nano.a(lib_a-exit.o)
                              /usr/lib/gcc/arm-none-eabi/9.2.1/../../../arm-none-eabi/lib/thumb/v6-m/nofp/crt0.o (exit)
/usr/lib/gcc/arm-none-eabi/9.2.1/../../../arm-none-eabi/lib/thumb/v6-m/nofp/libc_nano.a(lib_a-fini.o)
                              /usr/lib/gcc/arm-none-eabi/9.2.1/../../../arm-none-eabi/lib/thumb/v6-m/nofp/crt0.o (__libc_fini_array)
/usr/lib/gcc/arm-none-eabi/9.2.1/../../../arm-none-eabi/lib/thumb/v6-m/nofp/libc_nano.a(lib_a-impure.o)
                              /usr/lib/gcc/arm-none-eabi/9.2.1/../../../arm-none-eabi/lib/thumb/v6-m/nofp/libc_nano.a(lib_a-exit.o) (_global_impure_ptr)
/usr/lib/gcc/arm-none-eabi/9.2.1/../../../arm-none-eabi/lib/thumb/v6-m/nofp/libc_nano.a(lib_a-init.o)
                              /usr/lib/gcc/arm-none-eabi/9.2.1/../../../arm-none-eabi/lib/thumb/v6-m/nofp/crt0.o (__libc_init_array)
/usr/lib/gcc/arm-none-eabi/9.2.1/../../../arm-none-eabi/lib/thumb/v6-m/nofp/libc_nano.a(lib_a-memset.o)
                              /usr/lib/gcc/arm-none-eabi/9.2.1/../../../arm-none-eabi/lib/thumb/v6-m/nofp/crt0.o (memset)
/usr/lib/gcc/arm-none-eabi/9.2.1/../../../arm-none-eabi/lib/thumb/v6-m/nofp/libc_nano.a(lib_a-nano-vfprintf_float.o)
                              (_printf_float)
/usr/lib/gcc/arm-none-eabi/9.2.1/../../../arm-none-eabi/lib/thumb/v6-m/nofp/libc_nano.a(lib_a-nano-vfprintf_i.o)
                              /usr/lib/gcc/arm-none-eabi/9.2.1/../../../arm-none-eabi/lib/thumb/v6-m/nofp/libc_nano.a(lib_a-nano-vfprintf_float.o) (_printf_common)
/usr/lib/gcc/arm-none-eabi/9.2.1/../../../arm-none-eabi/lib/thumb/v6-m/nofp/libc_nano.a(lib_a-sprintf.o)
                              build/main.o (sprintf)
/usr/lib/gcc/arm-none-eabi/9.2.1/../../../arm-none-eabi/lib/thumb/v6-m/nofp/libc_nano.a(lib_a-strlen-stub.o)
                              /usr/lib/gcc/arm-none-eabi/9.2.1/../../../arm-none-eabi/lib/thumb/v6-m/nofp/libc_nano.a(lib_a-nano-vfprintf_float.o) (strlen)
/usr/lib/gcc/arm-none-eabi/9.2.1/../../../arm-none-eabi/lib/thumb/v6-m/nofp/libc_nano.a(lib_a-__atexit.o)
                              /usr/lib/gcc/arm-none-eabi/9.2.1/../../../arm-none-eabi/lib/thumb/v6-m/nofp/libc_nano.a(lib_a-atexit.o) (__register_exitproc)
/usr/lib/gcc/arm-none-eabi/9.2.1/../../../arm-none-eabi/lib/thumb/v6-m/nofp/libc_nano.a(lib_a-__call_atexit.o)
                              /usr/lib/gcc/arm-none-eabi/9.2.1/../../../arm-none-eabi/lib/thumb/v6-m/nofp/libc_nano.a(lib_a-__atexit.o) (__call_exitprocs)
/usr/lib/gcc/arm-none-eabi/9.2.1/../../../arm-none-eabi/lib/thumb/v6-m/nofp/libc_nano.a(lib_a-dtoa.o)
                              /usr/lib/gcc/arm-none-eabi/9.2.1/../../../arm-none-eabi/lib/thumb/v6-m/nofp/libc_nano.a(lib_a-nano-vfprintf_float.o) (_dtoa_r)
/usr/lib/gcc/arm-none-eabi/9.2.1/../../../arm-none-eabi/lib/thumb/v6-m/nofp/libc_nano.a(lib_a-localeconv.o)
                              /usr/lib/gcc/arm-none-eabi/9.2.1/../../../arm-none-eabi/lib/thumb/v6-m/nofp/libc_nano.a(lib_a-nano-vfprintf_float.o) (_localeconv_r)
/usr/lib/gcc/arm-none-eabi/9.2.1/../../../arm-none-eabi/lib/thumb/v6-m/nofp/libc_nano.a(lib_a-malloc.o)
                              /usr/lib/gcc/arm-none-eabi/9.2.1/../../../arm-none-eabi/lib/thumb/v6-m/nofp/libc_nano.a(lib_a-dtoa.o) (malloc)
/usr/lib/gcc/arm-none-eabi/9.2.1/../../../arm-none-eabi/lib/thumb/v6-m/nofp/libc_nano.a(lib_a-memchr-stub.o)
                              /usr/lib/gcc/arm-none-eabi/9.2.1/../../../arm-none-eabi/lib/thumb/v6-m/nofp/libc_nano.a(lib_a-nano-vfprintf_i.o) (memchr)
/usr/lib/gcc/arm-none-eabi/9.2.1/../../../arm-none-eabi/lib/thumb/v6-m/nofp/libc_nano.a(lib_a-memcpy-stub.o)
                              /usr/lib/gcc/arm-none-eabi/9.2.1/../../../arm-none-eabi/lib/thumb/v6-m/nofp/libc_nano.a(lib_a-dtoa.o) (memcpy)
/usr/lib/gcc/arm-none-eabi/9.2.1/../../../arm-none-eabi/lib/thumb/v6-m/nofp/libc_nano.a(lib_a-mprec.o)
                              /usr/lib/gcc/arm-none-eabi/9.2.1/../../../arm-none-eabi/lib/thumb/v6-m/nofp/libc_nano.a(lib_a-dtoa.o) (_Balloc)
/usr/lib/gcc/arm-none-eabi/9.2.1/../../../arm-none-eabi/lib/thumb/v6-m/nofp/libc_nano.a(lib_a-nano-callocr.o)
                              /usr/lib/gcc/arm-none-eabi/9.2.1/../../../arm-none-eabi/lib/thumb/v6-m/nofp/libc_nano.a(lib_a-mprec.o) (_calloc_r)
/usr/lib/gcc/arm-none-eabi/9.2.1/../../../arm-none-eabi/lib/thumb/v6-m/nofp/libc_nano.a(lib_a-nano-freer.o)
                              /usr/lib/gcc/arm-none-eabi/9.2.1/../../../arm-none-eabi/lib/thumb/v6-m/nofp/libc_nano.a(lib_a-malloc.o) (_free_r)
[...]
Memory Configuration

Name             Origin             Length             Attributes
RAM              0x0000000020000000 0x0000000000004000 xrw
FLASH            0x0000000008000000 0x0000000000010000 xr
*default*        0x0000000000000000 0xffffffffffffffff

Linker script and memory map

LOAD /usr/lib/gcc/arm-none-eabi/9.2.1/thumb/v6-m/nofp/crti.o
LOAD /usr/lib/gcc/arm-none-eabi/9.2.1/thumb/v6-m/nofp/crtbegin.o
LOAD /usr/lib/gcc/arm-none-eabi/9.2.1/../../../arm-none-eabi/lib/thumb/v6-m/nofp/crt0.o
LOAD build/main.o
LOAD build/led.o
LOAD build/stm32f0xx_it.o
LOAD build/stm32f0xx_hal_msp.o
LOAD build/usb_device.o
LOAD build/usbd_desc.o
LOAD build/usbd_cdc_if.o
LOAD build/usbd_conf.o
LOAD build/stm32f0xx_ll_usb.o
LOAD build/stm32f0xx_hal_pcd.o
LOAD build/stm32f0xx_hal_pcd_ex.o
LOAD build/stm32f0xx_hal_rcc.o
LOAD build/stm32f0xx_hal_rcc_ex.o
LOAD build/stm32f0xx_hal.o
LOAD build/stm32f0xx_hal_i2c.o
LOAD build/stm32f0xx_hal_i2c_ex.o
LOAD build/stm32f0xx_hal_gpio.o
LOAD build/stm32f0xx_hal_dma.o
LOAD build/stm32f0xx_hal_cortex.o
LOAD build/stm32f0xx_hal_pwr.o
LOAD build/stm32f0xx_hal_pwr_ex.o
LOAD build/stm32f0xx_hal_flash.o
LOAD build/stm32f0xx_hal_flash_ex.o
LOAD build/stm32f0xx_hal_exti.o
LOAD build/stm32f0xx_hal_adc.o
LOAD build/stm32f0xx_hal_adc_ex.o
LOAD build/stm32f0xx_hal_spi.o
LOAD build/stm32f0xx_hal_spi_ex.o
LOAD build/stm32f0xx_hal_tim.o
LOAD build/stm32f0xx_hal_tim_ex.o
LOAD build/system_stm32f0xx.o
LOAD build/usbd_core.o
LOAD build/usbd_ctlreq.o
LOAD build/usbd_ioreq.o
LOAD build/usbd_cdc.o
LOAD build/startup_stm32f072xb.o
LOAD /usr/lib/gcc/arm-none-eabi/9.2.1/../../../arm-none-eabi/lib/thumb/v6-m/nofp/libc_nano.a
LOAD /usr/lib/gcc/arm-none-eabi/9.2.1/../../../arm-none-eabi/lib/thumb/v6-m/nofp/libm.a
LOAD /usr/lib/gcc/arm-none-eabi/9.2.1/../../../arm-none-eabi/lib/thumb/v6-m/nofp/libnosys.a
START GROUP
LOAD /usr/lib/gcc/arm-none-eabi/9.2.1/thumb/v6-m/nofp/libgcc.a
LOAD /usr/lib/gcc/arm-none-eabi/9.2.1/../../../arm-none-eabi/lib/thumb/v6-m/nofp/libc_nano.a
END GROUP
START GROUP
LOAD /usr/lib/gcc/arm-none-eabi/9.2.1/thumb/v6-m/nofp/libgcc.a
LOAD /usr/lib/gcc/arm-none-eabi/9.2.1/../../../arm-none-eabi/lib/thumb/v6-m/nofp/libc_nano.a
END GROUP
LOAD /usr/lib/gcc/arm-none-eabi/9.2.1/thumb/v6-m/nofp/crtend.o
LOAD /usr/lib/gcc/arm-none-eabi/9.2.1/thumb/v6-m/nofp/crtn.o
                0x0000000020004000                _estack = 0x20004000
                0x0000000000000200                _Min_Heap_Size = 0x200
                0x0000000000000400                _Min_Stack_Size = 0x400

.isr_vector     0x0000000008000000       0xc0
                0x0000000008000000                . = ALIGN (0x4)
 *(.isr_vector)
 .isr_vector    0x0000000008000000       0xc0 build/startup_stm32f072xb.o
                0x0000000008000000                g_pfnVectors
                0x00000000080000c0                . = ALIGN (0x4)

.text           0x00000000080000c0     0xc888
                0x00000000080000c0                . = ALIGN (0x4)
 *(.text)
 .text          0x00000000080000c0       0x98 /usr/lib/gcc/arm-none-eabi/9.2.1/thumb/v6-m/nofp/crtbegin.o
 .text          0x0000000008000158       0x44 /usr/lib/gcc/arm-none-eabi/9.2.1/../../../arm-none-eabi/lib/thumb/v6-m/nofp/libc_nano.a(lib_a-init.o)
                0x0000000008000158                __libc_init_array
 .text          0x000000000800019c       0xa8 /usr/lib/gcc/arm-none-eabi/9.2.1/../../../arm-none-eabi/lib/thumb/v6-m/nofp/libc_nano.a(lib_a-memset.o)
                0x000000000800019c                memset
 .text          0x0000000008000244      0x7b8 /usr/lib/gcc/arm-none-eabi/9.2.1/../../../arm-none-eabi/lib/thumb/v6-m/nofp/libc_nano.a(lib_a-nano-vfprintf_float.o)
                0x0000000008000244                __cvt
                0x0000000008000354                __exponent
                0x00000000080003e8                _printf_float
 .text          0x00000000080009fc      0x3d8 /usr/lib/gcc/arm-none-eabi/9.2.1/../../../arm-none-eabi/lib/thumb/v6-m/nofp/libc_nano.a(lib_a-nano-vfprintf_i.o)
                0x00000000080009fc                _printf_common
                0x0000000008000b2c                _printf_i
 .text          0x0000000008000dd4       0x78 /usr/lib/gcc/arm-none-eabi/9.2.1/../../../arm-none-eabi/lib/thumb/v6-m/nofp/libc_nano.a(lib_a-sprintf.o)
                0x0000000008000dd4                _siprintf_r
                0x0000000008000dd4                _sprintf_r
                0x0000000008000e0c                sprintf
                0x0000000008000e0c                siprintf
 .text          0x0000000008000e4c       0x68 /usr/lib/gcc/arm-none-eabi/9.2.1/../../../arm-none-eabi/lib/thumb/v6-m/nofp/libc_nano.a(lib_a-strlen-stub.o)
                0x0000000008000e4c                strlen
 .text          0x0000000008000eb4     0x116c /usr/lib/gcc/arm-none-eabi/9.2.1/../../../arm-none-eabi/lib/thumb/v6-m/nofp/libc_nano.a(lib_a-dtoa.o)
                0x0000000008001008                _dtoa_r
 .text          0x0000000008002020       0x14 /usr/lib/gcc/arm-none-eabi/9.2.1/../../../arm-none-eabi/lib/thumb/v6-m/nofp/libc_nano.a(lib_a-localeconv.o)
                0x0000000008002020                __localeconv_l
                0x0000000008002024                _localeconv_r
                0x000000000800202c                localeconv
 .text          0x0000000008002034       0x28 /usr/lib/gcc/arm-none-eabi/9.2.1/../../../arm-none-eabi/lib/thumb/v6-m/nofp/libc_nano.a(lib_a-malloc.o)
                0x0000000008002034                malloc
                0x0000000008002048                free
 .text          0x000000000800205c       0x80 /usr/lib/gcc/arm-none-eabi/9.2.1/../../../arm-none-eabi/lib/thumb/v6-m/nofp/libc_nano.a(lib_a-memchr-stub.o)
                0x000000000800205c                memchr
 .text          0x00000000080020dc       0xa8 /usr/lib/gcc/arm-none-eabi/9.2.1/../../../arm-none-eabi/lib/thumb/v6-m/nofp/libc_nano.a(lib_a-memcpy-stub.o)
                0x00000000080020dc                memcpy
 .text          0x0000000008002184      0xac4 /usr/lib/gcc/arm-none-eabi/9.2.1/../../../arm-none-eabi/lib/thumb/v6-m/nofp/libc_nano.a(lib_a-mprec.o)
                0x0000000008002184                _Balloc
                0x0000000008002208                _Bfree
                0x0000000008002254                __multadd
                0x00000000080022fc                __s2b
                0x00000000080023a8                __hi0bits
                0x00000000080023e0                __lo0bits
                0x000000000800243c                __i2b
                0x0000000008002468                __multiply
                0x00000000080025f4                __pow5mult
                0x00000000080026d4                __lshift
                0x00000000080027b4                __mcmp
                0x00000000080027e8                __mdiff
                0x0000000008002930                __ulp
                0x0000000008002978                __b2d
                0x0000000008002a30                __d2b
                0x0000000008002b08                __ratio
                0x0000000008002b7c                _mprec_log10
                0x0000000008002bb0                __copybits
                0x0000000008002bf0                __any_on
 .text          0x0000000008002c48       0x1c /usr/lib/gcc/arm-none-eabi/9.2.1/../../../arm-none-eabi/lib/thumb/v6-m/nofp/libc_nano.a(lib_a-nano-callocr.o)
                0x0000000008002c48                _calloc_r
 .text          0x0000000008002c64       0xac /usr/lib/gcc/arm-none-eabi/9.2.1/../../../arm-none-eabi/lib/thumb/v6-m/nofp/libc_nano.a(lib_a-nano-freer.o)
                0x0000000008002c64                _free_r
 .text          0x0000000008002d10       0xcc /usr/lib/gcc/arm-none-eabi/9.2.1/../../../arm-none-eabi/lib/thumb/v6-m/nofp/libc_nano.a(lib_a-nano-mallocr.o)
                0x0000000008002d10                _malloc_r
 .text          0x0000000008002ddc      0x480 /usr/lib/gcc/arm-none-eabi/9.2.1/../../../arm-none-eabi/lib/thumb/v6-m/nofp/libc_nano.a(lib_a-nano-svfprintf.o)
                0x0000000008002ddc                __ssputs_r
                0x0000000008002eac                __ssprint_r
                0x0000000008002fc0                _svfprintf_r
                0x0000000008002fc0                _svfiprintf_r
 .text          0x000000000800325c       0x24 /usr/lib/gcc/arm-none-eabi/9.2.1/../../../arm-none-eabi/lib/thumb/v6-m/nofp/libc_nano.a(lib_a-sbrkr.o)
                0x000000000800325c                _sbrk_r
 .text          0x0000000008003280       0x4c /usr/lib/gcc/arm-none-eabi/9.2.1/../../../arm-none-eabi/lib/thumb/v6-m/nofp/libc_nano.a(lib_a-assert.o)
                0x0000000008003280                __assert_func
                0x00000000080032c0                __assert
 .text          0x00000000080032cc       0x3c /usr/lib/gcc/arm-none-eabi/9.2.1/../../../arm-none-eabi/lib/thumb/v6-m/nofp/libc_nano.a(lib_a-fprintf.o)
                0x00000000080032cc                _fprintf_r
                0x00000000080032cc                _fiprintf_r
                0x00000000080032e4                fprintf
                0x00000000080032e4                fiprintf
 .text          0x0000000008003308       0x44 /usr/lib/gcc/arm-none-eabi/9.2.1/../../../arm-none-eabi/lib/thumb/v6-m/nofp/libc_nano.a(lib_a-mbtowc_r.o)
                0x0000000008003308                _mbtowc_r
                0x0000000008003320                __ascii_mbtowc
 .text          0x000000000800334c       0xbc /usr/lib/gcc/arm-none-eabi/9.2.1/../../../arm-none-eabi/lib/thumb/v6-m/nofp/libc_nano.a(lib_a-memmove.o)
                0x000000000800334c                memmove
 .text          0x0000000008003408        0x8 /usr/lib/gcc/arm-none-eabi/9.2.1/../../../arm-none-eabi/lib/thumb/v6-m/nofp/libc_nano.a(lib_a-mlock.o)
                0x0000000008003408                __malloc_lock
                0x000000000800340c                __malloc_unlock
 .text          0x0000000008003410       0x50 /usr/lib/gcc/arm-none-eabi/9.2.1/../../../arm-none-eabi/lib/thumb/v6-m/nofp/libc_nano.a(lib_a-nano-reallocr.o)
                0x0000000008003410                _realloc_r
 .text          0x0000000008003460      0x384 /usr/lib/gcc/arm-none-eabi/9.2.1/../../../arm-none-eabi/lib/thumb/v6-m/nofp/libc_nano.a(lib_a-nano-vfprintf.o)
                0x0000000008003488                __sfputs_r
                0x00000000080034b4                __sprint_r
                0x00000000080034d0                _vfiprintf_r
                0x00000000080034d0                _vfprintf_r
                0x00000000080037cc                vfiprintf
                0x00000000080037cc                vfprintf
 .text          0x00000000080037e4       0xec /usr/lib/gcc/arm-none-eabi/9.2.1/../../../arm-none-eabi/lib/thumb/v6-m/nofp/libc_nano.a(lib_a-wbuf.o)
                0x00000000080037e4                __swbuf_r
                0x00000000080038b8                __swbuf
 .text          0x00000000080038d0       0x2c /usr/lib/gcc/arm-none-eabi/9.2.1/../../../arm-none-eabi/lib/thumb/v6-m/nofp/libc_nano.a(lib_a-wctomb_r.o)
                0x00000000080038d0                _wctomb_r
                0x00000000080038e0                __ascii_wctomb
 .text          0x00000000080038fc      0x10c /usr/lib/gcc/arm-none-eabi/9.2.1/../../../arm-none-eabi/lib/thumb/v6-m/nofp/libc_nano.a(lib_a-wsetup.o)
                0x00000000080038fc                __swsetup_r
 .text          0x0000000008003a08       0x10 /usr/lib/gcc/arm-none-eabi/9.2.1/../../../arm-none-eabi/lib/thumb/v6-m/nofp/libc_nano.a(lib_a-abort.o)
                0x0000000008003a08                abort
 .text          0x0000000008003a18      0x1b8 /usr/lib/gcc/arm-none-eabi/9.2.1/../../../arm-none-eabi/lib/thumb/v6-m/nofp/libc_nano.a(lib_a-fflush.o)
                0x0000000008003a18                __sflush_r
                0x0000000008003b4c                _fflush_r
                0x0000000008003ba8                fflush
 .text          0x0000000008003bd0      0x240 /usr/lib/gcc/arm-none-eabi/9.2.1/../../../arm-none-eabi/lib/thumb/v6-m/nofp/libc_nano.a(lib_a-findfp.o)
                0x0000000008003bd4                _cleanup_r
                0x0000000008003be8                __sfmoreglue
                0x0000000008003c18                __sfp
                0x0000000008003da8                _cleanup
                0x0000000008003dc0                __sinit
                0x0000000008003dd0                __sfp_lock_acquire
                0x0000000008003dd4                __sfp_lock_release
                0x0000000008003dd8                __sinit_lock_acquire
                0x0000000008003ddc                __sinit_lock_release
                0x0000000008003de0                __fp_lock_all
                0x0000000008003df8                __fp_unlock_all
 .text          0x0000000008003e10      0x320 /usr/lib/gcc/arm-none-eabi/9.2.1/../../../arm-none-eabi/lib/thumb/v6-m/nofp/libc_nano.a(lib_a-fvwrite.o)
                0x0000000008003e10                __sfvwrite_r
 .text          0x0000000008004130       0x90 /usr/lib/gcc/arm-none-eabi/9.2.1/../../../arm-none-eabi/lib/thumb/v6-m/nofp/libc_nano.a(lib_a-fwalk.o)
                0x0000000008004130                _fwalk
                0x0000000008004174                _fwalk_reent
 .text          0x00000000080041c0       0xe0 /usr/lib/gcc/arm-none-eabi/9.2.1/../../../arm-none-eabi/lib/thumb/v6-m/nofp/libc_nano.a(lib_a-makebuf.o)
                0x00000000080041c0                __swhatbuf_r
                0x0000000008004210                __smakebuf_r
 .text          0x00000000080042a0       0x14 /usr/lib/gcc/arm-none-eabi/9.2.1/../../../arm-none-eabi/lib/thumb/v6-m/nofp/libc_nano.a(lib_a-nano-msizer.o)
                0x00000000080042a0                _malloc_usable_size_r
 .text          0x00000000080042b4      0x178 /usr/lib/gcc/arm-none-eabi/9.2.1/../../../arm-none-eabi/lib/thumb/v6-m/nofp/libc_nano.a(lib_a-signal.o)
                0x00000000080042dc                _init_signal_r
                0x00000000080042f4                _signal_r
                0x000000000800432c                _raise_r
                0x0000000008004384                __sigtramp_r
                0x00000000080043d0                raise
                0x00000000080043e4                signal
                0x00000000080043fc                _init_signal
                0x0000000008004418                __sigtramp
 .text          0x000000000800442c       0x30 /usr/lib/gcc/arm-none-eabi/9.2.1/../../../arm-none-eabi/lib/thumb/v6-m/nofp/libc_nano.a(lib_a-signalr.o)
                0x000000000800442c                _kill_r
                0x0000000008004454                _getpid_r
 .text          0x000000000800445c       0xa4 /usr/lib/gcc/arm-none-eabi/9.2.1/../../../arm-none-eabi/lib/thumb/v6-m/nofp/libc_nano.a(lib_a-stdio.o)
                0x000000000800445c                __sread
                0x0000000008004484                __seofread
                0x0000000008004488                __swrite
                0x00000000080044c8                __sseek
                0x00000000080044f4                __sclose
 .text          0x0000000008004500       0x28 /usr/lib/gcc/arm-none-eabi/9.2.1/../../../arm-none-eabi/lib/thumb/v6-m/nofp/libc_nano.a(lib_a-writer.o)
                0x0000000008004500                _write_r
 .text          0x0000000008004528       0x24 /usr/lib/gcc/arm-none-eabi/9.2.1/../../../arm-none-eabi/lib/thumb/v6-m/nofp/libc_nano.a(lib_a-closer.o)
                0x0000000008004528                _close_r
 .text          0x000000000800454c       0x28 /usr/lib/gcc/arm-none-eabi/9.2.1/../../../arm-none-eabi/lib/thumb/v6-m/nofp/libc_nano.a(lib_a-fstatr.o)
                0x000000000800454c                _fstat_r
 .text          0x0000000008004574       0x24 /usr/lib/gcc/arm-none-eabi/9.2.1/../../../arm-none-eabi/lib/thumb/v6-m/nofp/libc_nano.a(lib_a-isattyr.o)
                0x0000000008004574                _isatty_r
 .text          0x0000000008004598       0x28 /usr/lib/gcc/arm-none-eabi/9.2.1/../../../arm-none-eabi/lib/thumb/v6-m/nofp/libc_nano.a(lib_a-lseekr.o)
                0x0000000008004598                _lseek_r
 .text          0x00000000080045c0       0x28 /usr/lib/gcc/arm-none-eabi/9.2.1/../../../arm-none-eabi/lib/thumb/v6-m/nofp/libc_nano.a(lib_a-readr.o)
                0x00000000080045c0                _read_r
 .text          0x00000000080045e8       0x10 /usr/lib/gcc/arm-none-eabi/9.2.1/../../../arm-none-eabi/lib/thumb/v6-m/nofp/libnosys.a(close.o)
                0x00000000080045e8                _close
 .text          0x00000000080045f8       0x10 /usr/lib/gcc/arm-none-eabi/9.2.1/../../../arm-none-eabi/lib/thumb/v6-m/nofp/libnosys.a(fstat.o)
                0x00000000080045f8                _fstat
 .text          0x0000000008004608       0x10 /usr/lib/gcc/arm-none-eabi/9.2.1/../../../arm-none-eabi/lib/thumb/v6-m/nofp/libnosys.a(getpid.o)
                0x0000000008004608                _getpid
 .text          0x0000000008004618       0x10 /usr/lib/gcc/arm-none-eabi/9.2.1/../../../arm-none-eabi/lib/thumb/v6-m/nofp/libnosys.a(isatty.o)
                0x0000000008004618                _isatty
 .text          0x0000000008004628       0x10 /usr/lib/gcc/arm-none-eabi/9.2.1/../../../arm-none-eabi/lib/thumb/v6-m/nofp/libnosys.a(kill.o)
                0x0000000008004628                _kill
 .text          0x0000000008004638       0x10 /usr/lib/gcc/arm-none-eabi/9.2.1/../../../arm-none-eabi/lib/thumb/v6-m/nofp/libnosys.a(lseek.o)
                0x0000000008004638                _lseek
 .text          0x0000000008004648       0x10 /usr/lib/gcc/arm-none-eabi/9.2.1/../../../arm-none-eabi/lib/thumb/v6-m/nofp/libnosys.a(read.o)
                0x0000000008004648                _read
 .text          0x0000000008004658       0x1c /usr/lib/gcc/arm-none-eabi/9.2.1/../../../arm-none-eabi/lib/thumb/v6-m/nofp/libnosys.a(sbrk.o)
                0x0000000008004658                _sbrk
 .text          0x0000000008004674       0x10 /usr/lib/gcc/arm-none-eabi/9.2.1/../../../arm-none-eabi/lib/thumb/v6-m/nofp/libnosys.a(write.o)
                0x0000000008004674                _write
 .text          0x0000000008004684        0x4 /usr/lib/gcc/arm-none-eabi/9.2.1/../../../arm-none-eabi/lib/thumb/v6-m/nofp/libnosys.a(_exit.o)
                0x0000000008004684                _exit
 .text          0x0000000008004688      0x114 /usr/lib/gcc/arm-none-eabi/9.2.1/thumb/v6-m/nofp/libgcc.a(_udivsi3.o)
                0x0000000008004688                __udivsi3
                0x0000000008004688                __aeabi_uidiv
                0x0000000008004794                __aeabi_uidivmod
 .text          0x000000000800479c      0x1d4 /usr/lib/gcc/arm-none-eabi/9.2.1/thumb/v6-m/nofp/libgcc.a(_divsi3.o)
                0x000000000800479c                __aeabi_idiv
                0x000000000800479c                __divsi3
                0x0000000008004968                __aeabi_idivmod
 .text          0x0000000008004970        0x4 /usr/lib/gcc/arm-none-eabi/9.2.1/thumb/v6-m/nofp/libgcc.a(_dvmd_tls.o)
                0x0000000008004970                __aeabi_ldiv0
                0x0000000008004970                __aeabi_idiv0
 .text          0x0000000008004974       0x7c /usr/lib/gcc/arm-none-eabi/9.2.1/thumb/v6-m/nofp/libgcc.a(_arm_cmpdf2.o)
                0x0000000008004974                __aeabi_cdrcmple
                0x0000000008004984                __aeabi_cdcmple
                0x0000000008004984                __aeabi_cdcmpeq
                0x0000000008004994                __aeabi_dcmpeq
                0x00000000080049a0                __aeabi_dcmplt
                0x00000000080049b4                __aeabi_dcmple
                0x00000000080049c8                __aeabi_dcmpgt
                0x00000000080049dc                __aeabi_dcmpge
 .text          0x00000000080049f0      0x234 /usr/lib/gcc/arm-none-eabi/9.2.1/thumb/v6-m/nofp/libgcc.a(mulsf3.o)
                0x00000000080049f0                __aeabi_fmul
 .text          0x0000000008004c24       0x8c /usr/lib/gcc/arm-none-eabi/9.2.1/thumb/v6-m/nofp/libgcc.a(floatsisf.o)
                0x0000000008004c24                __aeabi_i2f
 .text          0x0000000008004cb0      0x6d4 /usr/lib/gcc/arm-none-eabi/9.2.1/thumb/v6-m/nofp/libgcc.a(adddf3.o)
                0x0000000008004cb0                __aeabi_dadd
 .text          0x0000000008005384      0x5d0 /usr/lib/gcc/arm-none-eabi/9.2.1/thumb/v6-m/nofp/libgcc.a(divdf3.o)
                0x0000000008005384                __aeabi_ddiv
 .text          0x0000000008005954       0x78 /usr/lib/gcc/arm-none-eabi/9.2.1/thumb/v6-m/nofp/libgcc.a(eqdf2.o)
                0x0000000008005954                __eqdf2
                0x0000000008005954                __nedf2
 .text          0x00000000080059cc       0xe4 /usr/lib/gcc/arm-none-eabi/9.2.1/thumb/v6-m/nofp/libgcc.a(gedf2.o)
                0x00000000080059cc                __gtdf2
                0x00000000080059cc                __gedf2
 .text          0x0000000008005ab0       0xe0 /usr/lib/gcc/arm-none-eabi/9.2.1/thumb/v6-m/nofp/libgcc.a(ledf2.o)
                0x0000000008005ab0                __ltdf2
                0x0000000008005ab0                __ledf2
 .text          0x0000000008005b90      0x4d8 /usr/lib/gcc/arm-none-eabi/9.2.1/thumb/v6-m/nofp/libgcc.a(muldf3.o)
                0x0000000008005b90                __aeabi_dmul
 .text          0x0000000008006068      0x724 /usr/lib/gcc/arm-none-eabi/9.2.1/thumb/v6-m/nofp/libgcc.a(subdf3.o)
                0x0000000008006068                __aeabi_dsub
 .text          0x000000000800678c       0x3c /usr/lib/gcc/arm-none-eabi/9.2.1/thumb/v6-m/nofp/libgcc.a(unorddf2.o)
                0x000000000800678c                __aeabi_dcmpun
 .text          0x00000000080067c8       0x6c /usr/lib/gcc/arm-none-eabi/9.2.1/thumb/v6-m/nofp/libgcc.a(fixdfsi.o)
                0x00000000080067c8                __aeabi_d2iz
 .text          0x0000000008006834       0x60 /usr/lib/gcc/arm-none-eabi/9.2.1/thumb/v6-m/nofp/libgcc.a(floatsidf.o)
                0x0000000008006834                __aeabi_i2d
 .text          0x0000000008006894       0x4c /usr/lib/gcc/arm-none-eabi/9.2.1/thumb/v6-m/nofp/libgcc.a(floatunsidf.o)
                0x0000000008006894                __aeabi_ui2d
 .text          0x00000000080068e0       0x90 /usr/lib/gcc/arm-none-eabi/9.2.1/thumb/v6-m/nofp/libgcc.a(extendsfdf2.o)
                0x00000000080068e0                __aeabi_f2d
 .text          0x0000000008006970      0x110 /usr/lib/gcc/arm-none-eabi/9.2.1/thumb/v6-m/nofp/libgcc.a(truncdfsf2.o)
                0x0000000008006970                __aeabi_d2f
 .text          0x0000000008006a80       0x3c /usr/lib/gcc/arm-none-eabi/9.2.1/thumb/v6-m/nofp/libgcc.a(_clzsi2.o)
                0x0000000008006a80                __clzsi2
 *(.text*)
 .text.MX_GPIO_Init
                0x0000000008006abc      0x118 build/main.o
 .text.MX_DMA_Init
                0x0000000008006bd4       0x50 build/main.o
 .text.MX_SPI1_Init
                0x0000000008006c24       0x4c build/main.o
 .text.MX_I2C1_Init
                0x0000000008006c70       0x48 build/main.o
 .text.MX_TIM2_Init
                0x0000000008006cb8       0x64 build/main.o
 .text.MX_TIM1_Init
                0x0000000008006d1c       0xb0 build/main.o
 .text.MX_ADC_Init
                0x0000000008006dcc       0x9c build/main.o
 .text.MAX31855_get_tcold
                0x0000000008006e68       0x28 build/main.o
                0x0000000008006e68                MAX31855_get_tcold
 .text.MAX31855_get_twarm
                0x0000000008006e90       0x2c build/main.o
                0x0000000008006e90                MAX31855_get_twarm
 .text.temp_timer
                0x0000000008006ebc       0xb8 build/main.o
                0x0000000008006ebc                temp_timer
 .text.HAL_SPI_RxCpltCallback
                0x0000000008006f74       0x10 build/main.o
                0x0000000008006f74                HAL_SPI_RxCpltCallback
 .text.SystemClock_Config
                0x0000000008006f84       0x68 build/main.o
                0x0000000008006f84                SystemClock_Config
 .text.main     0x0000000008006fec       0x7c build/main.o
                0x0000000008006fec                main
 .text.Error_Handler
                0x0000000008007068        0x4 build/main.o
                0x0000000008007068                Error_Handler
 .text.led_set  0x000000000800706c       0x7c build/led.o
                0x000000000800706c                led_set
 .text.NMI_Handler
                0x00000000080070e8        0x2 build/stm32f0xx_it.o
                0x00000000080070e8                NMI_Handler
 .text.HardFault_Handler
                0x00000000080070ea        0x2 build/stm32f0xx_it.o
                0x00000000080070ea                HardFault_Handler
 .text.SVC_Handler
                0x00000000080070ec        0x2 build/stm32f0xx_it.o
                0x00000000080070ec                SVC_Handler
 .text.PendSV_Handler
                0x00000000080070ee        0x2 build/stm32f0xx_it.o
                0x00000000080070ee                PendSV_Handler
 .text.SysTick_Handler
                0x00000000080070f0        0x8 build/stm32f0xx_it.o
                0x00000000080070f0                SysTick_Handler
 .text.DMA1_Channel1_IRQHandler
                0x00000000080070f8       0x10 build/stm32f0xx_it.o
                0x00000000080070f8                DMA1_Channel1_IRQHandler
 .text.DMA1_Channel2_3_IRQHandler
                0x0000000008007108       0x10 build/stm32f0xx_it.o
                0x0000000008007108                DMA1_Channel2_3_IRQHandler
 .text.DMA1_Channel4_5_6_7_IRQHandler
                0x0000000008007118       0x18 build/stm32f0xx_it.o
                0x0000000008007118                DMA1_Channel4_5_6_7_IRQHandler
 .text.TIM1_BRK_UP_TRG_COM_IRQHandler
                0x0000000008007130       0x10 build/stm32f0xx_it.o
                0x0000000008007130                TIM1_BRK_UP_TRG_COM_IRQHandler
 .text.TIM1_CC_IRQHandler
                0x0000000008007140       0x10 build/stm32f0xx_it.o
                0x0000000008007140                TIM1_CC_IRQHandler
 .text.TIM2_IRQHandler
                0x0000000008007150       0x14 build/stm32f0xx_it.o
                0x0000000008007150                TIM2_IRQHandler
 .text.USB_IRQHandler
                0x0000000008007164       0x10 build/stm32f0xx_it.o
                0x0000000008007164                USB_IRQHandler
 .text.HAL_MspInit
                0x0000000008007174       0x30 build/stm32f0xx_hal_msp.o
                0x0000000008007174                HAL_MspInit
 .text.HAL_ADC_MspInit
                0x00000000080071a4       0xc0 build/stm32f0xx_hal_msp.o
                0x00000000080071a4                HAL_ADC_MspInit
 .text.HAL_I2C_MspInit
                0x0000000008007264       0xfc build/stm32f0xx_hal_msp.o
                0x0000000008007264                HAL_I2C_MspInit
 .text.HAL_SPI_MspInit
                0x0000000008007360       0xa0 build/stm32f0xx_hal_msp.o
                0x0000000008007360                HAL_SPI_MspInit
 .text.HAL_TIM_Base_MspInit
                0x0000000008007400       0x7c build/stm32f0xx_hal_msp.o
                0x0000000008007400                HAL_TIM_Base_MspInit
 .text.MX_USB_DEVICE_Init
                0x000000000800747c       0x5c build/usb_device.o
                0x000000000800747c                MX_USB_DEVICE_Init
 .text.USBD_FS_DeviceDescriptor
                0x00000000080074d8        0xc build/usbd_desc.o
                0x00000000080074d8                USBD_FS_DeviceDescriptor
 .text.USBD_FS_LangIDStrDescriptor
                0x00000000080074e4        0xc build/usbd_desc.o
                0x00000000080074e4                USBD_FS_LangIDStrDescriptor
 .text.IntToUnicode
                0x00000000080074f0       0x30 build/usbd_desc.o
 .text.Get_SerialNum
                0x0000000008007520       0x40 build/usbd_desc.o
 .text.USBD_FS_SerialStrDescriptor
                0x0000000008007560       0x14 build/usbd_desc.o
                0x0000000008007560                USBD_FS_SerialStrDescriptor
 .text.USBD_FS_ProductStrDescriptor
                0x0000000008007574       0x28 build/usbd_desc.o
                0x0000000008007574                USBD_FS_ProductStrDescriptor
 .text.USBD_FS_ManufacturerStrDescriptor
                0x000000000800759c       0x1c build/usbd_desc.o
                0x000000000800759c                USBD_FS_ManufacturerStrDescriptor
 .text.USBD_FS_ConfigStrDescriptor
                0x00000000080075b8       0x28 build/usbd_desc.o
                0x00000000080075b8                USBD_FS_ConfigStrDescriptor
 .text.USBD_FS_InterfaceStrDescriptor
                0x00000000080075e0       0x28 build/usbd_desc.o
                0x00000000080075e0                USBD_FS_InterfaceStrDescriptor
 .text.CDC_DeInit_FS
                0x0000000008007608        0x4 build/usbd_cdc_if.o
 .text.CDC_Control_FS
                0x000000000800760c        0x4 build/usbd_cdc_if.o
 .text.CDC_Receive_FS
                0x0000000008007610       0x1c build/usbd_cdc_if.o
 .text.CDC_Init_FS
                0x000000000800762c       0x28 build/usbd_cdc_if.o
 .text.CDC_Transmit_FS
                0x0000000008007654       0x30 build/usbd_cdc_if.o
                0x0000000008007654                CDC_Transmit_FS
 .text.USBD_Get_USB_Status
                0x0000000008007684       0x16 build/usbd_conf.o
 .text.SystemClockConfig_Resume
                0x000000000800769a        0x8 build/usbd_conf.o
 *fill*         0x00000000080076a2        0x2 
 .text.HAL_PCD_MspInit
                0x00000000080076a4       0x40 build/usbd_conf.o
                0x00000000080076a4                HAL_PCD_MspInit
 .text.HAL_PCD_SetupStageCallback
                0x00000000080076e4       0x16 build/usbd_conf.o
                0x00000000080076e4                HAL_PCD_SetupStageCallback
 .text.HAL_PCD_DataOutStageCallback
                0x00000000080076fa       0x1e build/usbd_conf.o
                0x00000000080076fa                HAL_PCD_DataOutStageCallback
 .text.HAL_PCD_DataInStageCallback
                0x0000000008007718       0x1a build/usbd_conf.o
                0x0000000008007718                HAL_PCD_DataInStageCallback
 .text.HAL_PCD_SOFCallback
                0x0000000008007732        0xe build/usbd_conf.o
                0x0000000008007732                HAL_PCD_SOFCallback
 .text.HAL_PCD_ResetCallback
                0x0000000008007740       0x24 build/usbd_conf.o
                0x0000000008007740                HAL_PCD_ResetCallback
 .text.HAL_PCD_SuspendCallback
                0x0000000008007764       0x24 build/usbd_conf.o
                0x0000000008007764                HAL_PCD_SuspendCallback
 .text.HAL_PCD_ResumeCallback
                0x0000000008007788       0x2c build/usbd_conf.o
                0x0000000008007788                HAL_PCD_ResumeCallback
 .text.USBD_LL_Init
                0x00000000080077b4       0x84 build/usbd_conf.o
                0x00000000080077b4                USBD_LL_Init
 .text.USBD_LL_Start
                0x0000000008007838       0x12 build/usbd_conf.o
                0x0000000008007838                USBD_LL_Start
 .text.USBD_LL_OpenEP
                0x000000000800784a       0x18 build/usbd_conf.o
                0x000000000800784a                USBD_LL_OpenEP
 .text.USBD_LL_CloseEP
                0x0000000008007862       0x12 build/usbd_conf.o
                0x0000000008007862                USBD_LL_CloseEP
 .text.USBD_LL_StallEP
                0x0000000008007874       0x12 build/usbd_conf.o
                0x0000000008007874                USBD_LL_StallEP
 .text.USBD_LL_ClearStallEP
                0x0000000008007886       0x12 build/usbd_conf.o
                0x0000000008007886                USBD_LL_ClearStallEP
 .text.USBD_LL_IsStallEP
                0x0000000008007898       0x32 build/usbd_conf.o
                0x0000000008007898                USBD_LL_IsStallEP
 .text.USBD_LL_SetUSBAddress
                0x00000000080078ca       0x12 build/usbd_conf.o
                0x00000000080078ca                USBD_LL_SetUSBAddress
 .text.USBD_LL_Transmit
                0x00000000080078dc       0x12 build/usbd_conf.o
                0x00000000080078dc                USBD_LL_Transmit
 .text.USBD_LL_PrepareReceive
                0x00000000080078ee       0x12 build/usbd_conf.o
                0x00000000080078ee                USBD_LL_PrepareReceive
 .text.USBD_LL_GetRxDataSize
                0x0000000008007900        0xe build/usbd_conf.o
                0x0000000008007900                USBD_LL_GetRxDataSize
 *fill*         0x000000000800790e        0x2 
 .text.USBD_static_malloc
                0x0000000008007910        0x8 build/usbd_conf.o
                0x0000000008007910                USBD_static_malloc
 .text.USBD_static_free
                0x0000000008007918        0x2 build/usbd_conf.o
                0x0000000008007918                USBD_static_free
 *fill*         0x000000000800791a        0x2 
 .text.USB_EnableGlobalInt
                0x000000000800791c       0x14 build/stm32f0xx_ll_usb.o
                0x000000000800791c                USB_EnableGlobalInt
 .text.USB_DisableGlobalInt
                0x0000000008007930       0x14 build/stm32f0xx_ll_usb.o
                0x0000000008007930                USB_DisableGlobalInt
 .text.USB_DevInit
                0x0000000008007944       0x20 build/stm32f0xx_ll_usb.o
                0x0000000008007944                USB_DevInit
 .text.USB_ActivateEndpoint
                0x0000000008007964      0x308 build/stm32f0xx_ll_usb.o
                0x0000000008007964                USB_ActivateEndpoint
 .text.USB_DeactivateEndpoint
                0x0000000008007c6c      0x170 build/stm32f0xx_ll_usb.o
                0x0000000008007c6c                USB_DeactivateEndpoint
 .text.USB_EPSetStall
                0x0000000008007ddc       0x4c build/stm32f0xx_ll_usb.o
                0x0000000008007ddc                USB_EPSetStall
 .text.USB_EPClearStall
                0x0000000008007e28       0x9c build/stm32f0xx_ll_usb.o
                0x0000000008007e28                USB_EPClearStall
 .text.USB_SetDevAddress
                0x0000000008007ec4        0xe build/stm32f0xx_ll_usb.o
                0x0000000008007ec4                USB_SetDevAddress
 *fill*         0x0000000008007ed2        0x2 
 .text.USB_DevConnect
                0x0000000008007ed4       0x14 build/stm32f0xx_ll_usb.o
                0x0000000008007ed4                USB_DevConnect
 .text.USB_ReadInterrupts
                0x0000000008007ee8        0x8 build/stm32f0xx_ll_usb.o
                0x0000000008007ee8                USB_ReadInterrupts
 .text.USB_WritePMA
                0x0000000008007ef0       0x28 build/stm32f0xx_ll_usb.o
                0x0000000008007ef0                USB_WritePMA
 .text.USB_EPStartXfer
                0x0000000008007f18      0x6e0 build/stm32f0xx_ll_usb.o
                0x0000000008007f18                USB_EPStartXfer
 .text.USB_ReadPMA
                0x00000000080085f8       0x2c build/stm32f0xx_ll_usb.o
                0x00000000080085f8                USB_ReadPMA
 .text.HAL_PCD_EP_DB_Receive
                0x0000000008008624      0x118 build/stm32f0xx_hal_pcd.o
 .text.HAL_PCD_Init
                0x000000000800873c       0xe4 build/stm32f0xx_hal_pcd.o
                0x000000000800873c                HAL_PCD_Init
 .text.HAL_PCD_Start
                0x0000000008008820       0x2e build/stm32f0xx_hal_pcd.o
                0x0000000008008820                HAL_PCD_Start
 *fill*         0x000000000800884e        0x2 
 .text.HAL_PCD_EP_DB_Transmit
                0x0000000008008850      0x3dc build/stm32f0xx_hal_pcd.o
 .text.PCD_EP_ISR_Handler
                0x0000000008008c2c      0x550 build/stm32f0xx_hal_pcd.o
 .text.HAL_PCD_SetAddress
                0x000000000800917c       0x2c build/stm32f0xx_hal_pcd.o
                0x000000000800917c                HAL_PCD_SetAddress
 .text.HAL_PCD_IRQHandler
                0x00000000080091a8      0x1a8 build/stm32f0xx_hal_pcd.o
                0x00000000080091a8                HAL_PCD_IRQHandler
 .text.HAL_PCD_EP_Open
                0x0000000008009350       0x7e build/stm32f0xx_hal_pcd.o
                0x0000000008009350                HAL_PCD_EP_Open
 .text.HAL_PCD_EP_Close
                0x00000000080093ce       0x68 build/stm32f0xx_hal_pcd.o
                0x00000000080093ce                HAL_PCD_EP_Close
 .text.HAL_PCD_EP_Receive
                0x0000000008009436       0x56 build/stm32f0xx_hal_pcd.o
                0x0000000008009436                HAL_PCD_EP_Receive
 .text.HAL_PCD_EP_GetRxCount
                0x000000000800948c       0x14 build/stm32f0xx_hal_pcd.o
                0x000000000800948c                HAL_PCD_EP_GetRxCount
 .text.HAL_PCD_EP_Transmit
                0x00000000080094a0       0x5c build/stm32f0xx_hal_pcd.o
                0x00000000080094a0                HAL_PCD_EP_Transmit
 .text.HAL_PCD_EP_SetStall
                0x00000000080094fc       0x6e build/stm32f0xx_hal_pcd.o
                0x00000000080094fc                HAL_PCD_EP_SetStall
 .text.HAL_PCD_EP_ClrStall
                0x000000000800956a       0x7a build/stm32f0xx_hal_pcd.o
                0x000000000800956a                HAL_PCD_EP_ClrStall
 .text.HAL_PCDEx_PMAConfig
                0x00000000080095e4       0x3a build/stm32f0xx_hal_pcd_ex.o
                0x00000000080095e4                HAL_PCDEx_PMAConfig
 .text.HAL_PCDEx_ActivateLPM
                0x000000000800961e       0x2a build/stm32f0xx_hal_pcd_ex.o
                0x000000000800961e                HAL_PCDEx_ActivateLPM
 .text.HAL_PCDEx_LPM_Callback
                0x0000000008009648        0x2 build/stm32f0xx_hal_pcd_ex.o
                0x0000000008009648                HAL_PCDEx_LPM_Callback
 *fill*         0x000000000800964a        0x2 
 .text.HAL_RCC_OscConfig
                0x000000000800964c      0x544 build/stm32f0xx_hal_rcc.o
                0x000000000800964c                HAL_RCC_OscConfig
 .text.HAL_RCC_GetSysClockFreq
                0x0000000008009b90       0x94 build/stm32f0xx_hal_rcc.o
                0x0000000008009b90                HAL_RCC_GetSysClockFreq
 .text.HAL_RCC_ClockConfig
                0x0000000008009c24      0x144 build/stm32f0xx_hal_rcc.o
                0x0000000008009c24                HAL_RCC_ClockConfig
 .text.HAL_RCCEx_PeriphCLKConfig
                0x0000000008009d68      0x15c build/stm32f0xx_hal_rcc_ex.o
                0x0000000008009d68                HAL_RCCEx_PeriphCLKConfig
 .text.HAL_InitTick
                0x0000000008009ec4       0x50 build/stm32f0xx_hal.o
                0x0000000008009ec4                HAL_InitTick
 .text.HAL_Init
                0x0000000008009f14       0x20 build/stm32f0xx_hal.o
                0x0000000008009f14                HAL_Init
 .text.HAL_IncTick
                0x0000000008009f34       0x18 build/stm32f0xx_hal.o
                0x0000000008009f34                HAL_IncTick
 .text.HAL_GetTick
                0x0000000008009f4c        0xc build/stm32f0xx_hal.o
                0x0000000008009f4c                HAL_GetTick
 .text.HAL_Delay
                0x0000000008009f58       0x24 build/stm32f0xx_hal.o
                0x0000000008009f58                HAL_Delay
 .text.HAL_I2C_Init
                0x0000000008009f7c       0xcc build/stm32f0xx_hal_i2c.o
                0x0000000008009f7c                HAL_I2C_Init
 .text.HAL_I2CEx_ConfigAnalogFilter
                0x000000000800a048       0x58 build/stm32f0xx_hal_i2c_ex.o
                0x000000000800a048                HAL_I2CEx_ConfigAnalogFilter
 .text.HAL_I2CEx_ConfigDigitalFilter
                0x000000000800a0a0       0x54 build/stm32f0xx_hal_i2c_ex.o
                0x000000000800a0a0                HAL_I2CEx_ConfigDigitalFilter
 .text.HAL_GPIO_Init
                0x000000000800a0f4      0x19c build/stm32f0xx_hal_gpio.o
                0x000000000800a0f4                HAL_GPIO_Init
 .text.HAL_GPIO_WritePin
                0x000000000800a290        0xc build/stm32f0xx_hal_gpio.o
                0x000000000800a290                HAL_GPIO_WritePin
 .text.DMA_SetConfig
                0x000000000800a29c       0x2a build/stm32f0xx_hal_dma.o
 *fill*         0x000000000800a2c6        0x2 
 .text.DMA_CalcBaseAndBitshift
                0x000000000800a2c8       0x28 build/stm32f0xx_hal_dma.o
 .text.HAL_DMA_Init
                0x000000000800a2f0       0x50 build/stm32f0xx_hal_dma.o
                0x000000000800a2f0                HAL_DMA_Init
 .text.HAL_DMA_Start_IT
                0x000000000800a340       0x76 build/stm32f0xx_hal_dma.o
                0x000000000800a340                HAL_DMA_Start_IT
 .text.HAL_DMA_IRQHandler
                0x000000000800a3b6       0xaa build/stm32f0xx_hal_dma.o
                0x000000000800a3b6                HAL_DMA_IRQHandler
 .text.HAL_NVIC_SetPriority
                0x000000000800a460       0x60 build/stm32f0xx_hal_cortex.o
                0x000000000800a460                HAL_NVIC_SetPriority
 .text.HAL_NVIC_EnableIRQ
                0x000000000800a4c0       0x18 build/stm32f0xx_hal_cortex.o
                0x000000000800a4c0                HAL_NVIC_EnableIRQ
 .text.HAL_SYSTICK_Config
                0x000000000800a4d8       0x38 build/stm32f0xx_hal_cortex.o
                0x000000000800a4d8                HAL_SYSTICK_Config
 .text.ADC_Enable
                0x000000000800a510       0xb0 build/stm32f0xx_hal_adc.o
 .text.HAL_ADC_Init
                0x000000000800a5c0      0x184 build/stm32f0xx_hal_adc.o
                0x000000000800a5c0                HAL_ADC_Init
 .text.HAL_ADC_Start_DMA
                0x000000000800a744       0xa8 build/stm32f0xx_hal_adc.o
                0x000000000800a744                HAL_ADC_Start_DMA
 .text.HAL_ADC_ConvCpltCallback
                0x000000000800a7ec        0x2 build/stm32f0xx_hal_adc.o
                0x000000000800a7ec                HAL_ADC_ConvCpltCallback
 *fill*         0x000000000800a7ee        0x2 
 .text.ADC_DMAConvCplt
                0x000000000800a7f0       0x70 build/stm32f0xx_hal_adc.o
 .text.HAL_ADC_ConvHalfCpltCallback
                0x000000000800a860        0x2 build/stm32f0xx_hal_adc.o
                0x000000000800a860                HAL_ADC_ConvHalfCpltCallback
 .text.ADC_DMAHalfConvCplt
                0x000000000800a862        0xa build/stm32f0xx_hal_adc.o
 .text.HAL_ADC_ErrorCallback
                0x000000000800a86c        0x2 build/stm32f0xx_hal_adc.o
                0x000000000800a86c                HAL_ADC_ErrorCallback
 .text.ADC_DMAError
                0x000000000800a86e       0x1a build/stm32f0xx_hal_adc.o
 .text.HAL_ADC_ConfigChannel
                0x000000000800a888      0x14c build/stm32f0xx_hal_adc.o
                0x000000000800a888                HAL_ADC_ConfigChannel
 .text.SPI_WaitFlagStateUntilTimeout
                0x000000000800a9d4       0xe8 build/stm32f0xx_hal_spi.o
 .text.SPI_WaitFifoStateUntilTimeout
                0x000000000800aabc      0x114 build/stm32f0xx_hal_spi.o
 .text.SPI_EndRxTxTransaction
                0x000000000800abd0       0x68 build/stm32f0xx_hal_spi.o
 .text.SPI_EndRxTransaction
                0x000000000800ac38       0x90 build/stm32f0xx_hal_spi.o
 .text.HAL_SPI_Init
                0x000000000800acc8      0x104 build/stm32f0xx_hal_spi.o
                0x000000000800acc8                HAL_SPI_Init
 .text.HAL_SPI_TransmitReceive_DMA
                0x000000000800adcc      0x224 build/stm32f0xx_hal_spi.o
                0x000000000800adcc                HAL_SPI_TransmitReceive_DMA
 .text.HAL_SPI_Receive_DMA
                0x000000000800aff0      0x18c build/stm32f0xx_hal_spi.o
                0x000000000800aff0                HAL_SPI_Receive_DMA
 .text.HAL_SPI_TxRxCpltCallback
                0x000000000800b17c        0x2 build/stm32f0xx_hal_spi.o
                0x000000000800b17c                HAL_SPI_TxRxCpltCallback
 .text.HAL_SPI_RxHalfCpltCallback
                0x000000000800b17e        0x2 build/stm32f0xx_hal_spi.o
                0x000000000800b17e                HAL_SPI_RxHalfCpltCallback
 .text.SPI_DMAHalfReceiveCplt
                0x000000000800b180        0xa build/stm32f0xx_hal_spi.o
 .text.HAL_SPI_TxRxHalfCpltCallback
                0x000000000800b18a        0x2 build/stm32f0xx_hal_spi.o
                0x000000000800b18a                HAL_SPI_TxRxHalfCpltCallback
 .text.SPI_DMAHalfTransmitReceiveCplt
                0x000000000800b18c        0xa build/stm32f0xx_hal_spi.o
 .text.HAL_SPI_ErrorCallback
                0x000000000800b196        0x2 build/stm32f0xx_hal_spi.o
                0x000000000800b196                HAL_SPI_ErrorCallback
 .text.SPI_DMAError
                0x000000000800b198       0x22 build/stm32f0xx_hal_spi.o
 .text.SPI_DMAReceiveCplt
                0x000000000800b1ba       0x76 build/stm32f0xx_hal_spi.o
 .text.SPI_DMATransmitReceiveCplt
                0x000000000800b230       0x60 build/stm32f0xx_hal_spi.o
 .text.TIM_OC1_SetConfig
                0x000000000800b290       0x88 build/stm32f0xx_hal_tim.o
 .text.TIM_OC3_SetConfig
                0x000000000800b318       0x90 build/stm32f0xx_hal_tim.o
 .text.TIM_OC4_SetConfig
                0x000000000800b3a8       0x74 build/stm32f0xx_hal_tim.o
 .text.TIM_TI1_ConfigInputStage
                0x000000000800b41c       0x22 build/stm32f0xx_hal_tim.o
 *fill*         0x000000000800b43e        0x2 
 .text.TIM_TI2_ConfigInputStage
                0x000000000800b440       0x28 build/stm32f0xx_hal_tim.o
 .text.TIM_ITRx_SetConfig
                0x000000000800b468       0x10 build/stm32f0xx_hal_tim.o
 .text.HAL_TIM_Base_Start_IT
                0x000000000800b478       0x6c build/stm32f0xx_hal_tim.o
                0x000000000800b478                HAL_TIM_Base_Start_IT
 .text.HAL_TIM_OC_MspInit
                0x000000000800b4e4        0x2 build/stm32f0xx_hal_tim.o
                0x000000000800b4e4                HAL_TIM_OC_MspInit
 .text.HAL_TIM_PeriodElapsedCallback
                0x000000000800b4e6        0x2 build/stm32f0xx_hal_tim.o
                0x000000000800b4e6                HAL_TIM_PeriodElapsedCallback
 .text.HAL_TIM_OC_DelayElapsedCallback
                0x000000000800b4e8        0x2 build/stm32f0xx_hal_tim.o
                0x000000000800b4e8                HAL_TIM_OC_DelayElapsedCallback
 .text.HAL_TIM_IC_CaptureCallback
                0x000000000800b4ea        0x2 build/stm32f0xx_hal_tim.o
                0x000000000800b4ea                HAL_TIM_IC_CaptureCallback
 .text.HAL_TIM_PWM_PulseFinishedCallback
                0x000000000800b4ec        0x2 build/stm32f0xx_hal_tim.o
                0x000000000800b4ec                HAL_TIM_PWM_PulseFinishedCallback
 .text.HAL_TIM_TriggerCallback
                0x000000000800b4ee        0x2 build/stm32f0xx_hal_tim.o
                0x000000000800b4ee                HAL_TIM_TriggerCallback
 .text.HAL_TIM_IRQHandler
                0x000000000800b4f0      0x15a build/stm32f0xx_hal_tim.o
                0x000000000800b4f0                HAL_TIM_IRQHandler
 *fill*         0x000000000800b64a        0x2 
 .text.TIM_Base_SetConfig
                0x000000000800b64c       0xa4 build/stm32f0xx_hal_tim.o
                0x000000000800b64c                TIM_Base_SetConfig
 .text.HAL_TIM_Base_Init
                0x000000000800b6f0       0x58 build/stm32f0xx_hal_tim.o
                0x000000000800b6f0                HAL_TIM_Base_Init
 .text.HAL_TIM_OC_Init
                0x000000000800b748       0x58 build/stm32f0xx_hal_tim.o
                0x000000000800b748                HAL_TIM_OC_Init
 .text.TIM_OC2_SetConfig
                0x000000000800b7a0       0x88 build/stm32f0xx_hal_tim.o
                0x000000000800b7a0                TIM_OC2_SetConfig
 .text.HAL_TIM_OC_ConfigChannel
                0x000000000800b828       0x5a build/stm32f0xx_hal_tim.o
                0x000000000800b828                HAL_TIM_OC_ConfigChannel
 *fill*         0x000000000800b882        0x2 
 .text.TIM_ETR_SetConfig
                0x000000000800b884       0x18 build/stm32f0xx_hal_tim.o
                0x000000000800b884                TIM_ETR_SetConfig
 .text.HAL_TIM_ConfigClockSource
                0x000000000800b89c      0x108 build/stm32f0xx_hal_tim.o
                0x000000000800b89c                HAL_TIM_ConfigClockSource
 .text.HAL_TIMEx_MasterConfigSynchronization
                0x000000000800b9a4       0x6c build/stm32f0xx_hal_tim_ex.o
                0x000000000800b9a4                HAL_TIMEx_MasterConfigSynchronization
 .text.HAL_TIMEx_ConfigBreakDeadTime
                0x000000000800ba10       0x6c build/stm32f0xx_hal_tim_ex.o
                0x000000000800ba10                HAL_TIMEx_ConfigBreakDeadTime
 .text.HAL_TIMEx_CommutCallback
                0x000000000800ba7c        0x2 build/stm32f0xx_hal_tim_ex.o
                0x000000000800ba7c                HAL_TIMEx_CommutCallback
 .text.HAL_TIMEx_BreakCallback
                0x000000000800ba7e        0x2 build/stm32f0xx_hal_tim_ex.o
                0x000000000800ba7e                HAL_TIMEx_BreakCallback
 .text.SystemInit
                0x000000000800ba80        0x2 build/system_stm32f0xx.o
                0x000000000800ba80                SystemInit
 .text.USBD_Init
                0x000000000800ba82       0x38 build/usbd_core.o
                0x000000000800ba82                USBD_Init
 .text.USBD_RegisterClass
                0x000000000800baba       0x12 build/usbd_core.o
                0x000000000800baba                USBD_RegisterClass
 .text.USBD_Start
                0x000000000800bacc        0xa build/usbd_core.o
                0x000000000800bacc                USBD_Start
 .text.USBD_SetClassConfig
                0x000000000800bad6       0x1e build/usbd_core.o
                0x000000000800bad6                USBD_SetClassConfig
 .text.USBD_ClrClassConfig
                0x000000000800baf4       0x10 build/usbd_core.o
                0x000000000800baf4                USBD_ClrClassConfig
 .text.USBD_LL_SetupStage
                0x000000000800bb04       0x64 build/usbd_core.o
                0x000000000800bb04                USBD_LL_SetupStage
 .text.USBD_LL_DataOutStage
                0x000000000800bb68       0xa4 build/usbd_core.o
                0x000000000800bb68                USBD_LL_DataOutStage
 .text.USBD_LL_DataInStage
                0x000000000800bc0c       0xea build/usbd_core.o
                0x000000000800bc0c                USBD_LL_DataInStage
 .text.USBD_LL_Reset
                0x000000000800bcf6       0x5e build/usbd_core.o
                0x000000000800bcf6                USBD_LL_Reset
 .text.USBD_LL_SetSpeed
                0x000000000800bd54        0x6 build/usbd_core.o
                0x000000000800bd54                USBD_LL_SetSpeed
 *fill*         0x000000000800bd5a        0x2 
 .text.USBD_LL_Suspend
                0x000000000800bd5c       0x18 build/usbd_core.o
                0x000000000800bd5c                USBD_LL_Suspend
 .text.USBD_LL_Resume
                0x000000000800bd74       0x1c build/usbd_core.o
                0x000000000800bd74                USBD_LL_Resume
 .text.USBD_LL_SOF
                0x000000000800bd90       0x20 build/usbd_core.o
                0x000000000800bd90                USBD_LL_SOF
 .text.USBD_GetLen
                0x000000000800bdb0       0x14 build/usbd_ctlreq.o
 .text.USBD_SetFeature
                0x000000000800bdc4       0x18 build/usbd_ctlreq.o
 .text.USBD_ParseSetupRequest
                0x000000000800bddc       0x28 build/usbd_ctlreq.o
                0x000000000800bddc                USBD_ParseSetupRequest
 .text.USBD_CtlError
                0x000000000800be04       0x14 build/usbd_ctlreq.o
                0x000000000800be04                USBD_CtlError
 .text.USBD_GetDescriptor
                0x000000000800be18      0x1b8 build/usbd_ctlreq.o
 .text.USBD_SetAddress
                0x000000000800bfd0       0x60 build/usbd_ctlreq.o
 .text.USBD_SetConfig
                0x000000000800c030       0xb8 build/usbd_ctlreq.o
 .text.USBD_GetConfig
                0x000000000800c0e8       0x40 build/usbd_ctlreq.o
 .text.USBD_GetStatus
                0x000000000800c128       0x3e build/usbd_ctlreq.o
 .text.USBD_ClrFeature
                0x000000000800c166       0x2a build/usbd_ctlreq.o
 .text.USBD_StdDevReq
                0x000000000800c190       0x6c build/usbd_ctlreq.o
                0x000000000800c190                USBD_StdDevReq
 .text.USBD_StdItfReq
                0x000000000800c1fc       0x66 build/usbd_ctlreq.o
                0x000000000800c1fc                USBD_StdItfReq
 .text.USBD_StdEPReq
                0x000000000800c262      0x210 build/usbd_ctlreq.o
                0x000000000800c262                USBD_StdEPReq
 .text.USBD_GetString
                0x000000000800c472       0x3a build/usbd_ctlreq.o
                0x000000000800c472                USBD_GetString
 .text.USBD_CtlSendData
                0x000000000800c4ac       0x1c build/usbd_ioreq.o
                0x000000000800c4ac                USBD_CtlSendData
 .text.USBD_CtlContinueSendData
                0x000000000800c4c8       0x10 build/usbd_ioreq.o
                0x000000000800c4c8                USBD_CtlContinueSendData
 .text.USBD_CtlPrepareRx
                0x000000000800c4d8       0x22 build/usbd_ioreq.o
                0x000000000800c4d8                USBD_CtlPrepareRx
 .text.USBD_CtlContinueRx
                0x000000000800c4fa       0x10 build/usbd_ioreq.o
                0x000000000800c4fa                USBD_CtlContinueRx
 .text.USBD_CtlSendStatus
                0x000000000800c50a       0x18 build/usbd_ioreq.o
                0x000000000800c50a                USBD_CtlSendStatus
 .text.USBD_CtlReceiveStatus
                0x000000000800c522       0x18 build/usbd_ioreq.o
                0x000000000800c522                USBD_CtlReceiveStatus
 *fill*         0x000000000800c53a        0x2 
 .text.USBD_CDC_EP0_RxReady
                0x000000000800c53c       0x34 build/usbd_cdc.o
 .text.USBD_CDC_GetFSCfgDesc
                0x000000000800c570        0xc build/usbd_cdc.o
 .text.USBD_CDC_GetHSCfgDesc
                0x000000000800c57c        0xc build/usbd_cdc.o
 .text.USBD_CDC_GetOtherSpeedCfgDesc
                0x000000000800c588        0xc build/usbd_cdc.o
 .text.USBD_CDC_GetDeviceQualifierDescriptor
                0x000000000800c594        0xc build/usbd_cdc.o
                0x000000000800c594                USBD_CDC_GetDeviceQualifierDescriptor
 .text.USBD_CDC_DataOut
                0x000000000800c5a0       0x36 build/usbd_cdc.o
 .text.USBD_CDC_DataIn
                0x000000000800c5d6       0x5c build/usbd_cdc.o
 *fill*         0x000000000800c632        0x2 
 .text.USBD_CDC_Setup
                0x000000000800c634       0xf0 build/usbd_cdc.o
 .text.USBD_CDC_DeInit
                0x000000000800c724       0x4c build/usbd_cdc.o
 .text.USBD_CDC_Init
                0x000000000800c770       0xbc build/usbd_cdc.o
 .text.USBD_CDC_RegisterInterface
                0x000000000800c82c       0x12 build/usbd_cdc.o
                0x000000000800c82c                USBD_CDC_RegisterInterface
 .text.USBD_CDC_SetTxBuffer
                0x000000000800c83e       0x16 build/usbd_cdc.o
                0x000000000800c83e                USBD_CDC_SetTxBuffer
 .text.USBD_CDC_SetRxBuffer
                0x000000000800c854        0xe build/usbd_cdc.o
                0x000000000800c854                USBD_CDC_SetRxBuffer
 .text.USBD_CDC_TransmitPacket
                0x000000000800c862       0x3e build/usbd_cdc.o
                0x000000000800c862                USBD_CDC_TransmitPacket
 .text.USBD_CDC_ReceivePacket
                0x000000000800c8a0       0x3c build/usbd_cdc.o
                0x000000000800c8a0                USBD_CDC_ReceivePacket
 .text.Reset_Handler
                0x000000000800c8dc       0x50 build/startup_stm32f072xb.o
                0x000000000800c8dc                Reset_Handler
 .text.Default_Handler
                0x000000000800c92c        0x2 build/startup_stm32f072xb.o
                0x000000000800c92c                TSC_IRQHandler
                0x000000000800c92c                ADC1_COMP_IRQHandler
                0x000000000800c92c                I2C1_IRQHandler
                0x000000000800c92c                RCC_CRS_IRQHandler
                0x000000000800c92c                SPI1_IRQHandler
                0x000000000800c92c                TIM6_DAC_IRQHandler
                0x000000000800c92c                USART3_4_IRQHandler
                0x000000000800c92c                EXTI2_3_IRQHandler
                0x000000000800c92c                I2C2_IRQHandler
                0x000000000800c92c                TIM17_IRQHandler
                0x000000000800c92c                CEC_CAN_IRQHandler
                0x000000000800c92c                RTC_IRQHandler
                0x000000000800c92c                PVD_VDDIO2_IRQHandler
                0x000000000800c92c                TIM16_IRQHandler
                0x000000000800c92c                TIM3_IRQHandler
                0x000000000800c92c                EXTI4_15_IRQHandler
                0x000000000800c92c                Default_Handler
                0x000000000800c92c                TIM14_IRQHandler
                0x000000000800c92c                TIM7_IRQHandler
                0x000000000800c92c                TIM15_IRQHandler
                0x000000000800c92c                EXTI0_1_IRQHandler
                0x000000000800c92c                SPI2_IRQHandler
                0x000000000800c92c                WWDG_IRQHandler
                0x000000000800c92c                USART2_IRQHandler
                0x000000000800c92c                FLASH_IRQHandler
                0x000000000800c92c                USART1_IRQHandler
 *(.glue_7)
 .glue_7        0x000000000800c92e        0x0 linker stubs
 *(.glue_7t)
 .glue_7t       0x000000000800c92e        0x0 linker stubs
 *(.eh_frame)
 *fill*         0x000000000800c92e        0x2 
 .eh_frame      0x000000000800c930        0x0 /usr/lib/gcc/arm-none-eabi/9.2.1/thumb/v6-m/nofp/crtbegin.o
 *(.init)
 .init          0x000000000800c930        0x4 /usr/lib/gcc/arm-none-eabi/9.2.1/thumb/v6-m/nofp/crti.o
                0x000000000800c930                _init
 .init          0x000000000800c934        0x8 /usr/lib/gcc/arm-none-eabi/9.2.1/thumb/v6-m/nofp/crtn.o
 *(.fini)
 .fini          0x000000000800c93c        0x4 /usr/lib/gcc/arm-none-eabi/9.2.1/thumb/v6-m/nofp/crti.o
                0x000000000800c93c                _fini
 .fini          0x000000000800c940        0x8 /usr/lib/gcc/arm-none-eabi/9.2.1/thumb/v6-m/nofp/crtn.o
                0x000000000800c948                . = ALIGN (0x4)
                0x000000000800c948                _etext = .

.vfp11_veneer   0x000000000800c948        0x0
 .vfp11_veneer  0x000000000800c948        0x0 linker stubs

.v4_bx          0x000000000800c948        0x0
 .v4_bx         0x000000000800c948        0x0 linker stubs

.iplt           0x000000000800c948        0x0
 .iplt          0x000000000800c948        0x0 /usr/lib/gcc/arm-none-eabi/9.2.1/thumb/v6-m/nofp/crtbegin.o

.rodata         0x000000000800c948      0x5a4
                0x000000000800c948                . = ALIGN (0x4)
 *(.rodata)
 .rodata        0x000000000800c948        0x4 /usr/lib/gcc/arm-none-eabi/9.2.1/../../../arm-none-eabi/lib/thumb/v6-m/nofp/libc_nano.a(lib_a-impure.o)
                0x000000000800c948                _global_impure_ptr
 *fill*         0x000000000800c94c        0x4 
 .rodata        0x000000000800c950      0x128 /usr/lib/gcc/arm-none-eabi/9.2.1/../../../arm-none-eabi/lib/thumb/v6-m/nofp/libc_nano.a(lib_a-mprec.o)
                0x000000000800c960                __mprec_tinytens
                0x000000000800c988                __mprec_bigtens
                0x000000000800c9b0                __mprec_tens
 .rodata        0x000000000800ca78      0x101 /usr/lib/gcc/arm-none-eabi/9.2.1/../../../arm-none-eabi/lib/thumb/v6-m/nofp/libc_nano.a(lib_a-ctype_.o)
                0x000000000800ca78                _ctype_
 *fill*         0x000000000800cb79        0x3 
 .rodata        0x000000000800cb7c       0x60 /usr/lib/gcc/arm-none-eabi/9.2.1/../../../arm-none-eabi/lib/thumb/v6-m/nofp/libc_nano.a(lib_a-findfp.o)
                0x000000000800cb7c                __sf_fake_stderr
                0x000000000800cb9c                __sf_fake_stdout
                0x000000000800cbbc                __sf_fake_stdin
 .rodata        0x000000000800cbdc       0x40 /usr/lib/gcc/arm-none-eabi/9.2.1/thumb/v6-m/nofp/libgcc.a(mulsf3.o)
 .rodata        0x000000000800cc1c       0x40 /usr/lib/gcc/arm-none-eabi/9.2.1/thumb/v6-m/nofp/libgcc.a(divdf3.o)
 .rodata        0x000000000800cc5c       0x40 /usr/lib/gcc/arm-none-eabi/9.2.1/thumb/v6-m/nofp/libgcc.a(muldf3.o)
 *(.rodata*)
 .rodata.temp_timer.str1.4
                0x000000000800cc9c       0x20 build/main.o
 .rodata.USBD_FS_ProductStrDescriptor.str1.4
                0x000000000800ccbc       0x24 build/usbd_desc.o
 .rodata.USBD_FS_ManufacturerStrDescriptor.str1.4
                0x000000000800cce0       0x11 build/usbd_desc.o
 *fill*         0x000000000800ccf1        0x3 
 .rodata.USBD_FS_ConfigStrDescriptor.str1.4
                0x000000000800ccf4        0xb build/usbd_desc.o
 *fill*         0x000000000800ccff        0x1 
 .rodata.USBD_FS_InterfaceStrDescriptor.str1.4
                0x000000000800cd00        0xe build/usbd_desc.o
 *fill*         0x000000000800cd0e        0x2 
 .rodata.HAL_RCC_GetSysClockFreq.str1.4
                0x000000000800cd10       0x25 build/stm32f0xx_hal_rcc.o
 *fill*         0x000000000800cd35        0x3 
 .rodata.AHBPrescTable
                0x000000000800cd38       0x10 build/system_stm32f0xx.o
                0x000000000800cd38                AHBPrescTable
 .rodata.USBD_GetDescriptor
                0x000000000800cd48       0x38 build/usbd_ctlreq.o
 .rodata.USBD_StdDevReq
                0x000000000800cd80       0x28 build/usbd_ctlreq.o
 .rodata.str1.4
                0x000000000800cda8       0x12 /usr/lib/gcc/arm-none-eabi/9.2.1/../../../arm-none-eabi/lib/thumb/v6-m/nofp/libc_nano.a(lib_a-nano-vfprintf_float.o)
 *fill*         0x000000000800cdba        0x2 
 .rodata.str1.4
                0x000000000800cdbc       0x25 /usr/lib/gcc/arm-none-eabi/9.2.1/../../../arm-none-eabi/lib/thumb/v6-m/nofp/libc_nano.a(lib_a-nano-vfprintf_i.o)
 *fill*         0x000000000800cde1        0x3 
 .rodata.str1.4
                0x000000000800cde4       0x6d /usr/lib/gcc/arm-none-eabi/9.2.1/../../../arm-none-eabi/lib/thumb/v6-m/nofp/libc_nano.a(lib_a-dtoa.o)
                                         0x71 (size before relaxing)
 *fill*         0x000000000800ce51        0x3 
 .rodata.str1.4
                0x000000000800ce54       0x33 /usr/lib/gcc/arm-none-eabi/9.2.1/../../../arm-none-eabi/lib/thumb/v6-m/nofp/libc_nano.a(lib_a-mprec.o)
                                         0x5d (size before relaxing)
 *fill*         0x000000000800ce87        0x1 
 .rodata.str1.4
                0x000000000800ce88       0x13 /usr/lib/gcc/arm-none-eabi/9.2.1/../../../arm-none-eabi/lib/thumb/v6-m/nofp/libc_nano.a(lib_a-nano-svfprintf.o)
 *fill*         0x000000000800ce9b        0x1 
 .rodata.str1.4
                0x000000000800ce9c       0x3f /usr/lib/gcc/arm-none-eabi/9.2.1/../../../arm-none-eabi/lib/thumb/v6-m/nofp/libc_nano.a(lib_a-assert.o)
                                         0x43 (size before relaxing)
 *fill*         0x000000000800cedb        0x1 
 .rodata.str1.4
                0x000000000800cedc        0xe /usr/lib/gcc/arm-none-eabi/9.2.1/../../../arm-none-eabi/lib/thumb/v6-m/nofp/libc_nano.a(lib_a-locale.o)
                                         0x12 (size before relaxing)
 .rodata.str1.4
                0x000000000800ceea       0x13 /usr/lib/gcc/arm-none-eabi/9.2.1/../../../arm-none-eabi/lib/thumb/v6-m/nofp/libc_nano.a(lib_a-nano-vfprintf.o)
                0x000000000800cf00                . = ALIGN (0x4)
 *fill*         0x000000000800ceea        0x2 

.rel.dyn        0x000000000800ceec        0x0
 .rel.iplt      0x000000000800ceec        0x0 /usr/lib/gcc/arm-none-eabi/9.2.1/thumb/v6-m/nofp/crtbegin.o

.ARM.extab
 *(.ARM.extab* .gnu.linkonce.armextab.*)

.ARM            0x000000000800ceec        0x0
                0x000000000800ceec                __exidx_start = .
 *(.ARM.exidx*)
                0x000000000800ceec                __exidx_end = .

.preinit_array  0x000000000800ceec        0x0
                0x000000000800ceec                PROVIDE (__preinit_array_start = .)
 *(.preinit_array*)
                0x000000000800ceec                PROVIDE (__preinit_array_end = .)

.init_array     0x000000000800ceec        0x4
                0x000000000800ceec                PROVIDE (__init_array_start = .)
 *(SORT_BY_NAME(.init_array.*))
 *(.init_array*)
 .init_array    0x000000000800ceec        0x4 /usr/lib/gcc/arm-none-eabi/9.2.1/thumb/v6-m/nofp/crtbegin.o
                0x000000000800cef0                PROVIDE (__init_array_end = .)

.fini_array     0x000000000800cef0        0x4
                0x000000000800cef0                PROVIDE (__fini_array_start = .)
 *(SORT_BY_NAME(.fini_array.*))
 *(.fini_array*)
 .fini_array    0x000000000800cef0        0x4 /usr/lib/gcc/arm-none-eabi/9.2.1/thumb/v6-m/nofp/crtbegin.o
                0x000000000800cef4                PROVIDE (__fini_array_end = .)
                0x000000000800cef4                _sidata = LOADADDR (.data)

.data           0x0000000020000000      0x34c load address 0x000000000800cef4
                0x0000000020000000                . = ALIGN (0x4)
                0x0000000020000000                _sdata = .
 *(.data)
 .data          0x0000000020000000       0x64 /usr/lib/gcc/arm-none-eabi/9.2.1/../../../arm-none-eabi/lib/thumb/v6-m/nofp/libc_nano.a(lib_a-impure.o)
                0x0000000020000000                _impure_ptr
 .data          0x0000000020000064      0x16c /usr/lib/gcc/arm-none-eabi/9.2.1/../../../arm-none-eabi/lib/thumb/v6-m/nofp/libc_nano.a(lib_a-locale.o)
                0x0000000020000064                __global_locale
 *(.data*)
 .data.FS_Desc  0x00000000200001d0       0x1c build/usbd_desc.o
                0x00000000200001d0                FS_Desc
 .data.USBD_FS_DeviceDesc
                0x00000000200001ec       0x12 build/usbd_desc.o
                0x00000000200001ec                USBD_FS_DeviceDesc
 *fill*         0x00000000200001fe        0x2 
 .data.USBD_LangIDDesc
                0x0000000020000200        0x4 build/usbd_desc.o
                0x0000000020000200                USBD_LangIDDesc
 .data.USBD_StringSerial
                0x0000000020000204       0x1a build/usbd_desc.o
                0x0000000020000204                USBD_StringSerial
 *fill*         0x000000002000021e        0x2 
 .data.USBD_Interface_fops_FS
                0x0000000020000220       0x10 build/usbd_cdc_if.o
                0x0000000020000220                USBD_Interface_fops_FS
 .data.uwTickFreq
                0x0000000020000230        0x1 build/stm32f0xx_hal.o
                0x0000000020000230                uwTickFreq
 *fill*         0x0000000020000231        0x3 
 .data.uwTickPrio
                0x0000000020000234        0x4 build/stm32f0xx_hal.o
                0x0000000020000234                uwTickPrio
 .data.SystemCoreClock
                0x0000000020000238        0x4 build/system_stm32f0xx.o
                0x0000000020000238                SystemCoreClock
 .data.USBD_CDC
                0x000000002000023c       0x38 build/usbd_cdc.o
                0x000000002000023c                USBD_CDC
 .data.USBD_CDC_CfgFSDesc
                0x0000000020000274       0x43 build/usbd_cdc.o
                0x0000000020000274                USBD_CDC_CfgFSDesc
 *fill*         0x00000000200002b7        0x1 
 .data.USBD_CDC_CfgHSDesc
                0x00000000200002b8       0x43 build/usbd_cdc.o
                0x00000000200002b8                USBD_CDC_CfgHSDesc
 *fill*         0x00000000200002fb        0x1 
 .data.USBD_CDC_DeviceQualifierDesc
                0x00000000200002fc        0xa build/usbd_cdc.o
 *fill*         0x0000000020000306        0x2 
 .data.USBD_CDC_OtherSpeedCfgDesc
                0x0000000020000308       0x43 build/usbd_cdc.o
                0x0000000020000308                USBD_CDC_OtherSpeedCfgDesc
                0x000000002000034c                . = ALIGN (0x4)
 *fill*         0x000000002000034b        0x1 
                0x000000002000034c                _edata = .

.tm_clone_table
                0x000000002000034c        0x0 load address 0x000000000800d240
 .tm_clone_table
                0x000000002000034c        0x0 /usr/lib/gcc/arm-none-eabi/9.2.1/thumb/v6-m/nofp/crtbegin.o
 .tm_clone_table
                0x000000002000034c        0x0 /usr/lib/gcc/arm-none-eabi/9.2.1/thumb/v6-m/nofp/crtend.o

.igot.plt       0x000000002000034c        0x0 load address 0x000000000800d240
 .igot.plt      0x000000002000034c        0x0 /usr/lib/gcc/arm-none-eabi/9.2.1/thumb/v6-m/nofp/crtbegin.o
                0x000000002000034c                . = ALIGN (0x4)

.bss            0x000000002000034c     0x14ec load address 0x000000000800d240
                0x000000002000034c                _sbss = .
                0x000000002000034c                __bss_start__ = _sbss
 *(.bss)
 .bss           0x000000002000034c       0x1c /usr/lib/gcc/arm-none-eabi/9.2.1/thumb/v6-m/nofp/crtbegin.o
 .bss           0x0000000020000368        0x8 /usr/lib/gcc/arm-none-eabi/9.2.1/../../../arm-none-eabi/lib/thumb/v6-m/nofp/libc_nano.a(lib_a-nano-mallocr.o)
                0x0000000020000368                __malloc_free_list
                0x000000002000036c                __malloc_sbrk_start
 .bss           0x0000000020000370        0x4 /usr/lib/gcc/arm-none-eabi/9.2.1/../../../arm-none-eabi/lib/thumb/v6-m/nofp/libnosys.a(sbrk.o)
 *(.bss*)
 .bss.adc       0x0000000020000374       0x18 build/main.o
 .bss.spidat    0x000000002000038c        0x4 build/main.o
 .bss.mem.8596  0x0000000020000390      0x220 build/usbd_conf.o
 .bss.cfgidx.8527
                0x00000000200005b0        0x1 build/usbd_ctlreq.o
 *(COMMON)
 *fill*         0x00000000200005b1        0x3 
 COMMON         0x00000000200005b4      0x2f4 build/main.o
                0x00000000200005b4                hdma_i2c1_tx
                0x00000000200005f8                hi2c1
                0x0000000020000644                tsv_str
                0x00000000200006a4                temp_int
                0x00000000200006a8                htim1
                0x00000000200006f0                hdma_i2c1_rx
                0x0000000020000734                hspi1
                0x0000000020000798                htim2
                0x00000000200007e0                hdma_spi1_rx
                0x0000000020000824                hdma_adc
                0x0000000020000868                hadc
 COMMON         0x00000000200008a8      0x2c4 build/usb_device.o
                0x00000000200008a8                hUsbDeviceFS
 COMMON         0x0000000020000b6c      0x200 build/usbd_desc.o
                0x0000000020000b6c                USBD_StrDesc
 COMMON         0x0000000020000d6c      0x7d0 build/usbd_cdc_if.o
                0x0000000020000d6c                UserRxBufferFS
                0x0000000020001154                UserTxBufferFS
 COMMON         0x000000002000153c      0x2f4 build/usbd_conf.o
                0x000000002000153c                hpcd_USB_FS
 COMMON         0x0000000020001830        0x4 build/stm32f0xx_hal.o
                0x0000000020001830                uwTick
 COMMON         0x0000000020001834        0x4 /usr/lib/gcc/arm-none-eabi/9.2.1/../../../arm-none-eabi/lib/thumb/v6-m/nofp/libc_nano.a(lib_a-reent.o)
                0x0000000020001834                errno
                0x0000000020001838                . = ALIGN (0x4)
                0x0000000020001838                _ebss = .
                0x0000000020001838                __bss_end__ = _ebss

._user_heap_stack
                0x0000000020001838      0x600 load address 0x000000000800d240
                0x0000000020001838                . = ALIGN (0x8)
                0x0000000020001838                PROVIDE (end = .)
                [!provide]                        PROVIDE (_end = .)
                0x0000000020001a38                . = (. + _Min_Heap_Size)
 *fill*         0x0000000020001838      0x200 
                0x0000000020001e38                . = (. + _Min_Stack_Size)
 *fill*         0x0000000020001a38      0x400 
                0x0000000020001e38                . = ALIGN (0x8)

/DISCARD/
 libc.a(*)
 libm.a(*)
 libgcc.a(*)

.ARM.attributes
                0x0000000000000000       0x28
 *(.ARM.attributes)
 .ARM.attributes
                0x0000000000000000       0x1e /usr/lib/gcc/arm-none-eabi/9.2.1/thumb/v6-m/nofp/crti.o
 .ARM.attributes
                0x000000000000001e       0x2c /usr/lib/gcc/arm-none-eabi/9.2.1/thumb/v6-m/nofp/crtbegin.o
 .ARM.attributes
                0x000000000000004a       0x2c build/main.o
 .ARM.attributes
                0x0000000000000076       0x2c build/led.o
 .ARM.attributes
                0x00000000000000a2       0x2c build/stm32f0xx_it.o
 .ARM.attributes
                0x00000000000000ce       0x2c build/stm32f0xx_hal_msp.o
 .ARM.attributes
                0x00000000000000fa       0x2c build/usb_device.o
 .ARM.attributes
                0x0000000000000126       0x2c build/usbd_desc.o
 .ARM.attributes
                0x0000000000000152       0x2c build/usbd_cdc_if.o
 .ARM.attributes
                0x000000000000017e       0x2c build/usbd_conf.o
 .ARM.attributes
                0x00000000000001aa       0x2c build/stm32f0xx_ll_usb.o
 .ARM.attributes
                0x00000000000001d6       0x2c build/stm32f0xx_hal_pcd.o
 .ARM.attributes
                0x0000000000000202       0x2c build/stm32f0xx_hal_pcd_ex.o
 .ARM.attributes
                0x000000000000022e       0x2c build/stm32f0xx_hal_rcc.o
 .ARM.attributes
                0x000000000000025a       0x2c build/stm32f0xx_hal_rcc_ex.o
 .ARM.attributes
                0x0000000000000286       0x2c build/stm32f0xx_hal.o
 .ARM.attributes
                0x00000000000002b2       0x2c build/stm32f0xx_hal_i2c.o
 .ARM.attributes
                0x00000000000002de       0x2c build/stm32f0xx_hal_i2c_ex.o
 .ARM.attributes
                0x000000000000030a       0x2c build/stm32f0xx_hal_gpio.o
 .ARM.attributes
                0x0000000000000336       0x2c build/stm32f0xx_hal_dma.o
 .ARM.attributes
                0x0000000000000362       0x2c build/stm32f0xx_hal_cortex.o
 .ARM.attributes
                0x000000000000038e       0x2c build/stm32f0xx_hal_adc.o
 .ARM.attributes
                0x00000000000003ba       0x2c build/stm32f0xx_hal_spi.o
 .ARM.attributes
                0x00000000000003e6       0x2c build/stm32f0xx_hal_tim.o
 .ARM.attributes
                0x0000000000000412       0x2c build/stm32f0xx_hal_tim_ex.o
 .ARM.attributes
                0x000000000000043e       0x2c build/system_stm32f0xx.o
 .ARM.attributes
                0x000000000000046a       0x2c build/usbd_core.o
 .ARM.attributes
                0x0000000000000496       0x2c build/usbd_ctlreq.o
 .ARM.attributes
                0x00000000000004c2       0x2c build/usbd_ioreq.o
 .ARM.attributes
                0x00000000000004ee       0x2c build/usbd_cdc.o
 .ARM.attributes
                0x000000000000051a       0x21 build/startup_stm32f072xb.o
 .ARM.attributes
                0x000000000000053b       0x2c /usr/lib/gcc/arm-none-eabi/9.2.1/../../../arm-none-eabi/lib/thumb/v6-m/nofp/libc_nano.a(lib_a-impure.o)
 .ARM.attributes
                0x0000000000000567       0x2c /usr/lib/gcc/arm-none-eabi/9.2.1/../../../arm-none-eabi/lib/thumb/v6-m/nofp/libc_nano.a(lib_a-init.o)
 .ARM.attributes
                0x0000000000000593       0x2c /usr/lib/gcc/arm-none-eabi/9.2.1/../../../arm-none-eabi/lib/thumb/v6-m/nofp/libc_nano.a(lib_a-memset.o)
 .ARM.attributes
                0x00000000000005bf       0x2c /usr/lib/gcc/arm-none-eabi/9.2.1/../../../arm-none-eabi/lib/thumb/v6-m/nofp/libc_nano.a(lib_a-nano-vfprintf_float.o)
 .ARM.attributes
                0x00000000000005eb       0x2c /usr/lib/gcc/arm-none-eabi/9.2.1/../../../arm-none-eabi/lib/thumb/v6-m/nofp/libc_nano.a(lib_a-nano-vfprintf_i.o)
 .ARM.attributes
                0x0000000000000617       0x2c /usr/lib/gcc/arm-none-eabi/9.2.1/../../../arm-none-eabi/lib/thumb/v6-m/nofp/libc_nano.a(lib_a-sprintf.o)
 .ARM.attributes
                0x0000000000000643       0x2c /usr/lib/gcc/arm-none-eabi/9.2.1/../../../arm-none-eabi/lib/thumb/v6-m/nofp/libc_nano.a(lib_a-strlen-stub.o)
 .ARM.attributes
                0x000000000000066f       0x2c /usr/lib/gcc/arm-none-eabi/9.2.1/../../../arm-none-eabi/lib/thumb/v6-m/nofp/libc_nano.a(lib_a-dtoa.o)
 .ARM.attributes
                0x000000000000069b       0x2c /usr/lib/gcc/arm-none-eabi/9.2.1/../../../arm-none-eabi/lib/thumb/v6-m/nofp/libc_nano.a(lib_a-localeconv.o)
 .ARM.attributes
                0x00000000000006c7       0x2c /usr/lib/gcc/arm-none-eabi/9.2.1/../../../arm-none-eabi/lib/thumb/v6-m/nofp/libc_nano.a(lib_a-malloc.o)
 .ARM.attributes
                0x00000000000006f3       0x2c /usr/lib/gcc/arm-none-eabi/9.2.1/../../../arm-none-eabi/lib/thumb/v6-m/nofp/libc_nano.a(lib_a-memchr-stub.o)
 .ARM.attributes
                0x000000000000071f       0x2c /usr/lib/gcc/arm-none-eabi/9.2.1/../../../arm-none-eabi/lib/thumb/v6-m/nofp/libc_nano.a(lib_a-memcpy-stub.o)
 .ARM.attributes
                0x000000000000074b       0x2c /usr/lib/gcc/arm-none-eabi/9.2.1/../../../arm-none-eabi/lib/thumb/v6-m/nofp/libc_nano.a(lib_a-mprec.o)
 .ARM.attributes
                0x0000000000000777       0x2c /usr/lib/gcc/arm-none-eabi/9.2.1/../../../arm-none-eabi/lib/thumb/v6-m/nofp/libc_nano.a(lib_a-nano-callocr.o)
 .ARM.attributes
                0x00000000000007a3       0x2c /usr/lib/gcc/arm-none-eabi/9.2.1/../../../arm-none-eabi/lib/thumb/v6-m/nofp/libc_nano.a(lib_a-nano-freer.o)
 .ARM.attributes
                0x00000000000007cf       0x2c /usr/lib/gcc/arm-none-eabi/9.2.1/../../../arm-none-eabi/lib/thumb/v6-m/nofp/libc_nano.a(lib_a-nano-mallocr.o)
 .ARM.attributes
                0x00000000000007fb       0x2c /usr/lib/gcc/arm-none-eabi/9.2.1/../../../arm-none-eabi/lib/thumb/v6-m/nofp/libc_nano.a(lib_a-nano-svfprintf.o)
 .ARM.attributes
                0x0000000000000827       0x2c /usr/lib/gcc/arm-none-eabi/9.2.1/../../../arm-none-eabi/lib/thumb/v6-m/nofp/libc_nano.a(lib_a-sbrkr.o)
 .ARM.attributes
                0x0000000000000853       0x2c /usr/lib/gcc/arm-none-eabi/9.2.1/../../../arm-none-eabi/lib/thumb/v6-m/nofp/libc_nano.a(lib_a-assert.o)
 .ARM.attributes
                0x000000000000087f       0x2c /usr/lib/gcc/arm-none-eabi/9.2.1/../../../arm-none-eabi/lib/thumb/v6-m/nofp/libc_nano.a(lib_a-fprintf.o)
 .ARM.attributes
                0x00000000000008ab       0x2c /usr/lib/gcc/arm-none-eabi/9.2.1/../../../arm-none-eabi/lib/thumb/v6-m/nofp/libc_nano.a(lib_a-locale.o)
 .ARM.attributes
                0x00000000000008d7       0x2c /usr/lib/gcc/arm-none-eabi/9.2.1/../../../arm-none-eabi/lib/thumb/v6-m/nofp/libc_nano.a(lib_a-mbtowc_r.o)
 .ARM.attributes
                0x0000000000000903       0x2c /usr/lib/gcc/arm-none-eabi/9.2.1/../../../arm-none-eabi/lib/thumb/v6-m/nofp/libc_nano.a(lib_a-memmove.o)
 .ARM.attributes
                0x000000000000092f       0x2c /usr/lib/gcc/arm-none-eabi/9.2.1/../../../arm-none-eabi/lib/thumb/v6-m/nofp/libc_nano.a(lib_a-mlock.o)
 .ARM.attributes
                0x000000000000095b       0x2c /usr/lib/gcc/arm-none-eabi/9.2.1/../../../arm-none-eabi/lib/thumb/v6-m/nofp/libc_nano.a(lib_a-nano-reallocr.o)
 .ARM.attributes
                0x0000000000000987       0x2c /usr/lib/gcc/arm-none-eabi/9.2.1/../../../arm-none-eabi/lib/thumb/v6-m/nofp/libc_nano.a(lib_a-nano-vfprintf.o)
 .ARM.attributes
                0x00000000000009b3       0x2c /usr/lib/gcc/arm-none-eabi/9.2.1/../../../arm-none-eabi/lib/thumb/v6-m/nofp/libc_nano.a(lib_a-reent.o)
 .ARM.attributes
                0x00000000000009df       0x2c /usr/lib/gcc/arm-none-eabi/9.2.1/../../../arm-none-eabi/lib/thumb/v6-m/nofp/libc_nano.a(lib_a-wbuf.o)
 .ARM.attributes
                0x0000000000000a0b       0x2c /usr/lib/gcc/arm-none-eabi/9.2.1/../../../arm-none-eabi/lib/thumb/v6-m/nofp/libc_nano.a(lib_a-wctomb_r.o)
 .ARM.attributes
                0x0000000000000a37       0x2c /usr/lib/gcc/arm-none-eabi/9.2.1/../../../arm-none-eabi/lib/thumb/v6-m/nofp/libc_nano.a(lib_a-wsetup.o)
 .ARM.attributes
                0x0000000000000a63       0x2c /usr/lib/gcc/arm-none-eabi/9.2.1/../../../arm-none-eabi/lib/thumb/v6-m/nofp/libc_nano.a(lib_a-abort.o)
 .ARM.attributes
                0x0000000000000a8f       0x2c /usr/lib/gcc/arm-none-eabi/9.2.1/../../../arm-none-eabi/lib/thumb/v6-m/nofp/libc_nano.a(lib_a-ctype_.o)
 .ARM.attributes
                0x0000000000000abb       0x2c /usr/lib/gcc/arm-none-eabi/9.2.1/../../../arm-none-eabi/lib/thumb/v6-m/nofp/libc_nano.a(lib_a-fflush.o)
 .ARM.attributes
                0x0000000000000ae7       0x2c /usr/lib/gcc/arm-none-eabi/9.2.1/../../../arm-none-eabi/lib/thumb/v6-m/nofp/libc_nano.a(lib_a-findfp.o)
 .ARM.attributes
                0x0000000000000b13       0x2c /usr/lib/gcc/arm-none-eabi/9.2.1/../../../arm-none-eabi/lib/thumb/v6-m/nofp/libc_nano.a(lib_a-fvwrite.o)
 .ARM.attributes
                0x0000000000000b3f       0x2c /usr/lib/gcc/arm-none-eabi/9.2.1/../../../arm-none-eabi/lib/thumb/v6-m/nofp/libc_nano.a(lib_a-fwalk.o)
 .ARM.attributes
                0x0000000000000b6b       0x2c /usr/lib/gcc/arm-none-eabi/9.2.1/../../../arm-none-eabi/lib/thumb/v6-m/nofp/libc_nano.a(lib_a-makebuf.o)
 .ARM.attributes
                0x0000000000000b97       0x2c /usr/lib/gcc/arm-none-eabi/9.2.1/../../../arm-none-eabi/lib/thumb/v6-m/nofp/libc_nano.a(lib_a-nano-msizer.o)
 .ARM.attributes
                0x0000000000000bc3       0x2c /usr/lib/gcc/arm-none-eabi/9.2.1/../../../arm-none-eabi/lib/thumb/v6-m/nofp/libc_nano.a(lib_a-signal.o)
 .ARM.attributes
                0x0000000000000bef       0x2c /usr/lib/gcc/arm-none-eabi/9.2.1/../../../arm-none-eabi/lib/thumb/v6-m/nofp/libc_nano.a(lib_a-signalr.o)
 .ARM.attributes
                0x0000000000000c1b       0x2c /usr/lib/gcc/arm-none-eabi/9.2.1/../../../arm-none-eabi/lib/thumb/v6-m/nofp/libc_nano.a(lib_a-stdio.o)
 .ARM.attributes
                0x0000000000000c47       0x2c /usr/lib/gcc/arm-none-eabi/9.2.1/../../../arm-none-eabi/lib/thumb/v6-m/nofp/libc_nano.a(lib_a-writer.o)
 .ARM.attributes
                0x0000000000000c73       0x2c /usr/lib/gcc/arm-none-eabi/9.2.1/../../../arm-none-eabi/lib/thumb/v6-m/nofp/libc_nano.a(lib_a-closer.o)
 .ARM.attributes
                0x0000000000000c9f       0x2c /usr/lib/gcc/arm-none-eabi/9.2.1/../../../arm-none-eabi/lib/thumb/v6-m/nofp/libc_nano.a(lib_a-fstatr.o)
 .ARM.attributes
                0x0000000000000ccb       0x2c /usr/lib/gcc/arm-none-eabi/9.2.1/../../../arm-none-eabi/lib/thumb/v6-m/nofp/libc_nano.a(lib_a-isattyr.o)
 .ARM.attributes
                0x0000000000000cf7       0x2c /usr/lib/gcc/arm-none-eabi/9.2.1/../../../arm-none-eabi/lib/thumb/v6-m/nofp/libc_nano.a(lib_a-lseekr.o)
 .ARM.attributes
                0x0000000000000d23       0x2c /usr/lib/gcc/arm-none-eabi/9.2.1/../../../arm-none-eabi/lib/thumb/v6-m/nofp/libc_nano.a(lib_a-readr.o)
 .ARM.attributes
                0x0000000000000d4f       0x2c /usr/lib/gcc/arm-none-eabi/9.2.1/../../../arm-none-eabi/lib/thumb/v6-m/nofp/libnosys.a(close.o)
 .ARM.attributes
                0x0000000000000d7b       0x2c /usr/lib/gcc/arm-none-eabi/9.2.1/../../../arm-none-eabi/lib/thumb/v6-m/nofp/libnosys.a(fstat.o)
 .ARM.attributes
                0x0000000000000da7       0x2c /usr/lib/gcc/arm-none-eabi/9.2.1/../../../arm-none-eabi/lib/thumb/v6-m/nofp/libnosys.a(getpid.o)
 .ARM.attributes
                0x0000000000000dd3       0x2c /usr/lib/gcc/arm-none-eabi/9.2.1/../../../arm-none-eabi/lib/thumb/v6-m/nofp/libnosys.a(isatty.o)
 .ARM.attributes
                0x0000000000000dff       0x2c /usr/lib/gcc/arm-none-eabi/9.2.1/../../../arm-none-eabi/lib/thumb/v6-m/nofp/libnosys.a(kill.o)
 .ARM.attributes
                0x0000000000000e2b       0x2c /usr/lib/gcc/arm-none-eabi/9.2.1/../../../arm-none-eabi/lib/thumb/v6-m/nofp/libnosys.a(lseek.o)
 .ARM.attributes
                0x0000000000000e57       0x2c /usr/lib/gcc/arm-none-eabi/9.2.1/../../../arm-none-eabi/lib/thumb/v6-m/nofp/libnosys.a(read.o)
 .ARM.attributes
                0x0000000000000e83       0x2c /usr/lib/gcc/arm-none-eabi/9.2.1/../../../arm-none-eabi/lib/thumb/v6-m/nofp/libnosys.a(sbrk.o)
 .ARM.attributes
                0x0000000000000eaf       0x2c /usr/lib/gcc/arm-none-eabi/9.2.1/../../../arm-none-eabi/lib/thumb/v6-m/nofp/libnosys.a(write.o)
 .ARM.attributes
                0x0000000000000edb       0x2c /usr/lib/gcc/arm-none-eabi/9.2.1/../../../arm-none-eabi/lib/thumb/v6-m/nofp/libnosys.a(_exit.o)
 .ARM.attributes
                0x0000000000000f07       0x1e /usr/lib/gcc/arm-none-eabi/9.2.1/thumb/v6-m/nofp/libgcc.a(_udivsi3.o)
 .ARM.attributes
                0x0000000000000f25       0x1e /usr/lib/gcc/arm-none-eabi/9.2.1/thumb/v6-m/nofp/libgcc.a(_divsi3.o)
 .ARM.attributes
                0x0000000000000f43       0x1e /usr/lib/gcc/arm-none-eabi/9.2.1/thumb/v6-m/nofp/libgcc.a(_dvmd_tls.o)
 .ARM.attributes
                0x0000000000000f61       0x1e /usr/lib/gcc/arm-none-eabi/9.2.1/thumb/v6-m/nofp/libgcc.a(_arm_cmpdf2.o)
 .ARM.attributes
                0x0000000000000f7f       0x2c /usr/lib/gcc/arm-none-eabi/9.2.1/thumb/v6-m/nofp/libgcc.a(mulsf3.o)
 .ARM.attributes
                0x0000000000000fab       0x2c /usr/lib/gcc/arm-none-eabi/9.2.1/thumb/v6-m/nofp/libgcc.a(floatsisf.o)
 .ARM.attributes
                0x0000000000000fd7       0x2c /usr/lib/gcc/arm-none-eabi/9.2.1/thumb/v6-m/nofp/libgcc.a(adddf3.o)
 .ARM.attributes
                0x0000000000001003       0x2c /usr/lib/gcc/arm-none-eabi/9.2.1/thumb/v6-m/nofp/libgcc.a(divdf3.o)
 .ARM.attributes
                0x000000000000102f       0x2c /usr/lib/gcc/arm-none-eabi/9.2.1/thumb/v6-m/nofp/libgcc.a(eqdf2.o)
 .ARM.attributes
                0x000000000000105b       0x2c /usr/lib/gcc/arm-none-eabi/9.2.1/thumb/v6-m/nofp/libgcc.a(gedf2.o)
 .ARM.attributes
                0x0000000000001087       0x2c /usr/lib/gcc/arm-none-eabi/9.2.1/thumb/v6-m/nofp/libgcc.a(ledf2.o)
 .ARM.attributes
                0x00000000000010b3       0x2c /usr/lib/gcc/arm-none-eabi/9.2.1/thumb/v6-m/nofp/libgcc.a(muldf3.o)
 .ARM.attributes
                0x00000000000010df       0x2c /usr/lib/gcc/arm-none-eabi/9.2.1/thumb/v6-m/nofp/libgcc.a(subdf3.o)
 .ARM.attributes
                0x000000000000110b       0x2c /usr/lib/gcc/arm-none-eabi/9.2.1/thumb/v6-m/nofp/libgcc.a(unorddf2.o)
 .ARM.attributes
                0x0000000000001137       0x2c /usr/lib/gcc/arm-none-eabi/9.2.1/thumb/v6-m/nofp/libgcc.a(fixdfsi.o)
 .ARM.attributes
                0x0000000000001163       0x2c /usr/lib/gcc/arm-none-eabi/9.2.1/thumb/v6-m/nofp/libgcc.a(floatsidf.o)
 .ARM.attributes
                0x000000000000118f       0x2c /usr/lib/gcc/arm-none-eabi/9.2.1/thumb/v6-m/nofp/libgcc.a(floatunsidf.o)
 .ARM.attributes
                0x00000000000011bb       0x2c /usr/lib/gcc/arm-none-eabi/9.2.1/thumb/v6-m/nofp/libgcc.a(extendsfdf2.o)
 .ARM.attributes
                0x00000000000011e7       0x2c /usr/lib/gcc/arm-none-eabi/9.2.1/thumb/v6-m/nofp/libgcc.a(truncdfsf2.o)
 .ARM.attributes
                0x0000000000001213       0x1e /usr/lib/gcc/arm-none-eabi/9.2.1/thumb/v6-m/nofp/libgcc.a(_clzsi2.o)
 .ARM.attributes
                0x0000000000001231       0x2c /usr/lib/gcc/arm-none-eabi/9.2.1/thumb/v6-m/nofp/crtend.o
 .ARM.attributes
                0x000000000000125d       0x1e /usr/lib/gcc/arm-none-eabi/9.2.1/thumb/v6-m/nofp/crtn.o
OUTPUT(build/firmware.elf elf32-littlearm)
LOAD linker stubs
LOAD /usr/lib/gcc/arm-none-eabi/9.2.1/../../../arm-none-eabi/lib/thumb/v6-m/nofp/libc.a
LOAD /usr/lib/gcc/arm-none-eabi/9.2.1/../../../arm-none-eabi/lib/thumb/v6-m/nofp/libm.a
LOAD /usr/lib/gcc/arm-none-eabi/9.2.1/thumb/v6-m/nofp/libgcc.a

.comment        0x0000000000000000       0xa7
 .comment       0x0000000000000000       0x59 /usr/lib/gcc/arm-none-eabi/9.2.1/thumb/v6-m/nofp/crtbegin.o
                                         0x5a (size before relaxing)
 .comment       0x0000000000000059       0x5a build/main.o
 .comment       0x0000000000000059       0x5a build/led.o
 .comment       0x0000000000000059       0x5a build/stm32f0xx_it.o
 .comment       0x0000000000000059       0x5a build/stm32f0xx_hal_msp.o
 .comment       0x0000000000000059       0x5a build/usb_device.o
 .comment       0x0000000000000059       0x5a build/usbd_desc.o
 .comment       0x0000000000000059       0x5a build/usbd_cdc_if.o
 .comment       0x0000000000000059       0x5a build/usbd_conf.o
 .comment       0x0000000000000059       0x5a build/stm32f0xx_ll_usb.o
 .comment       0x0000000000000059       0x5a build/stm32f0xx_hal_pcd.o
 .comment       0x0000000000000059       0x5a build/stm32f0xx_hal_pcd_ex.o
 .comment       0x0000000000000059       0x5a build/stm32f0xx_hal_rcc.o
 .comment       0x0000000000000059       0x5a build/stm32f0xx_hal_rcc_ex.o
 .comment       0x0000000000000059       0x5a build/stm32f0xx_hal.o
 .comment       0x0000000000000059       0x5a build/stm32f0xx_hal_i2c.o
 .comment       0x0000000000000059       0x5a build/stm32f0xx_hal_i2c_ex.o
 .comment       0x0000000000000059       0x5a build/stm32f0xx_hal_gpio.o
 .comment       0x0000000000000059       0x5a build/stm32f0xx_hal_dma.o
 .comment       0x0000000000000059       0x5a build/stm32f0xx_hal_cortex.o
 .comment       0x0000000000000059       0x5a build/stm32f0xx_hal_adc.o
 .comment       0x0000000000000059       0x5a build/stm32f0xx_hal_spi.o
 .comment       0x0000000000000059       0x5a build/stm32f0xx_hal_tim.o
 .comment       0x0000000000000059       0x5a build/stm32f0xx_hal_tim_ex.o
 .comment       0x0000000000000059       0x5a build/system_stm32f0xx.o
 .comment       0x0000000000000059       0x5a build/usbd_core.o
 .comment       0x0000000000000059       0x5a build/usbd_ctlreq.o
 .comment       0x0000000000000059       0x5a build/usbd_ioreq.o
 .comment       0x0000000000000059       0x5a build/usbd_cdc.o
 .comment       0x0000000000000059       0x4e /usr/lib/gcc/arm-none-eabi/9.2.1/../../../arm-none-eabi/lib/thumb/v6-m/nofp/libc_nano.a(lib_a-impure.o)
                                         0x4f (size before relaxing)
 .comment       0x00000000000000a7       0x4f /usr/lib/gcc/arm-none-eabi/9.2.1/../../../arm-none-eabi/lib/thumb/v6-m/nofp/libc_nano.a(lib_a-init.o)
 .comment       0x00000000000000a7       0x4f /usr/lib/gcc/arm-none-eabi/9.2.1/../../../arm-none-eabi/lib/thumb/v6-m/nofp/libc_nano.a(lib_a-memset.o)
 .comment       0x00000000000000a7       0x4f /usr/lib/gcc/arm-none-eabi/9.2.1/../../../arm-none-eabi/lib/thumb/v6-m/nofp/libc_nano.a(lib_a-nano-vfprintf_float.o)
 .comment       0x00000000000000a7       0x4f /usr/lib/gcc/arm-none-eabi/9.2.1/../../../arm-none-eabi/lib/thumb/v6-m/nofp/libc_nano.a(lib_a-nano-vfprintf_i.o)
 .comment       0x00000000000000a7       0x4f /usr/lib/gcc/arm-none-eabi/9.2.1/../../../arm-none-eabi/lib/thumb/v6-m/nofp/libc_nano.a(lib_a-sprintf.o)
 .comment       0x00000000000000a7       0x4f /usr/lib/gcc/arm-none-eabi/9.2.1/../../../arm-none-eabi/lib/thumb/v6-m/nofp/libc_nano.a(lib_a-strlen-stub.o)
 .comment       0x00000000000000a7       0x4f /usr/lib/gcc/arm-none-eabi/9.2.1/../../../arm-none-eabi/lib/thumb/v6-m/nofp/libc_nano.a(lib_a-dtoa.o)
 .comment       0x00000000000000a7       0x4f /usr/lib/gcc/arm-none-eabi/9.2.1/../../../arm-none-eabi/lib/thumb/v6-m/nofp/libc_nano.a(lib_a-localeconv.o)
 .comment       0x00000000000000a7       0x4f /usr/lib/gcc/arm-none-eabi/9.2.1/../../../arm-none-eabi/lib/thumb/v6-m/nofp/libc_nano.a(lib_a-malloc.o)
 .comment       0x00000000000000a7       0x4f /usr/lib/gcc/arm-none-eabi/9.2.1/../../../arm-none-eabi/lib/thumb/v6-m/nofp/libc_nano.a(lib_a-memchr-stub.o)
 .comment       0x00000000000000a7       0x4f /usr/lib/gcc/arm-none-eabi/9.2.1/../../../arm-none-eabi/lib/thumb/v6-m/nofp/libc_nano.a(lib_a-memcpy-stub.o)
 .comment       0x00000000000000a7       0x4f /usr/lib/gcc/arm-none-eabi/9.2.1/../../../arm-none-eabi/lib/thumb/v6-m/nofp/libc_nano.a(lib_a-mprec.o)
 .comment       0x00000000000000a7       0x4f /usr/lib/gcc/arm-none-eabi/9.2.1/../../../arm-none-eabi/lib/thumb/v6-m/nofp/libc_nano.a(lib_a-nano-callocr.o)
 .comment       0x00000000000000a7       0x4f /usr/lib/gcc/arm-none-eabi/9.2.1/../../../arm-none-eabi/lib/thumb/v6-m/nofp/libc_nano.a(lib_a-nano-freer.o)
 .comment       0x00000000000000a7       0x4f /usr/lib/gcc/arm-none-eabi/9.2.1/../../../arm-none-eabi/lib/thumb/v6-m/nofp/libc_nano.a(lib_a-nano-mallocr.o)
 .comment       0x00000000000000a7       0x4f /usr/lib/gcc/arm-none-eabi/9.2.1/../../../arm-none-eabi/lib/thumb/v6-m/nofp/libc_nano.a(lib_a-nano-svfprintf.o)
 .comment       0x00000000000000a7       0x4f /usr/lib/gcc/arm-none-eabi/9.2.1/../../../arm-none-eabi/lib/thumb/v6-m/nofp/libc_nano.a(lib_a-sbrkr.o)
 .comment       0x00000000000000a7       0x4f /usr/lib/gcc/arm-none-eabi/9.2.1/../../../arm-none-eabi/lib/thumb/v6-m/nofp/libc_nano.a(lib_a-assert.o)
 .comment       0x00000000000000a7       0x4f /usr/lib/gcc/arm-none-eabi/9.2.1/../../../arm-none-eabi/lib/thumb/v6-m/nofp/libc_nano.a(lib_a-fprintf.o)
 .comment       0x00000000000000a7       0x4f /usr/lib/gcc/arm-none-eabi/9.2.1/../../../arm-none-eabi/lib/thumb/v6-m/nofp/libc_nano.a(lib_a-locale.o)
 .comment       0x00000000000000a7       0x4f /usr/lib/gcc/arm-none-eabi/9.2.1/../../../arm-none-eabi/lib/thumb/v6-m/nofp/libc_nano.a(lib_a-mbtowc_r.o)
 .comment       0x00000000000000a7       0x4f /usr/lib/gcc/arm-none-eabi/9.2.1/../../../arm-none-eabi/lib/thumb/v6-m/nofp/libc_nano.a(lib_a-memmove.o)
 .comment       0x00000000000000a7       0x4f /usr/lib/gcc/arm-none-eabi/9.2.1/../../../arm-none-eabi/lib/thumb/v6-m/nofp/libc_nano.a(lib_a-mlock.o)
 .comment       0x00000000000000a7       0x4f /usr/lib/gcc/arm-none-eabi/9.2.1/../../../arm-none-eabi/lib/thumb/v6-m/nofp/libc_nano.a(lib_a-nano-reallocr.o)
 .comment       0x00000000000000a7       0x4f /usr/lib/gcc/arm-none-eabi/9.2.1/../../../arm-none-eabi/lib/thumb/v6-m/nofp/libc_nano.a(lib_a-nano-vfprintf.o)
 .comment       0x00000000000000a7       0x4f /usr/lib/gcc/arm-none-eabi/9.2.1/../../../arm-none-eabi/lib/thumb/v6-m/nofp/libc_nano.a(lib_a-reent.o)